
Allocating common symbols
Common symbol       size              file

hsdram              0x34              build/main.o
adc_hdl             0x44              build/app.o
command             0x10              build/main.o
pFlash              0x1c              build/stm32f7xx_hal_flash.o
yin                 0x10              build/app.o
SDRAM_Timing        0x1c              build/main.o
__uart_vec          0x418             build/uart_driver.o

Discarded input sections

 .text          0x0000000000000000        0x0 build/memset.o
 .data          0x0000000000000000        0x0 build/memset.o
 .bss           0x0000000000000000        0x0 build/memset.o
 .text          0x0000000000000000        0x0 build/memcpy.o
 .data          0x0000000000000000        0x0 build/memcpy.o
 .bss           0x0000000000000000        0x0 build/memcpy.o
 .text          0x0000000000000000        0x0 build/variadic.o
 .data          0x0000000000000000        0x0 build/variadic.o
 .bss           0x0000000000000000        0x0 build/variadic.o
 .text._variadic_call
                0x0000000000000000       0x70 build/variadic.o
 .text          0x0000000000000000       0x14 build/startup_stm32f746xx.o
 .data          0x0000000000000000        0x0 build/startup_stm32f746xx.o
 .bss           0x0000000000000000        0x0 build/startup_stm32f746xx.o
 .text          0x0000000000000000        0x0 build/main.o
 .data          0x0000000000000000        0x0 build/main.o
 .bss           0x0000000000000000        0x0 build/main.o
 COMMON         0x0000000000000000       0x60 build/main.o
 .text          0x0000000000000000        0x0 build/app.o
 .data          0x0000000000000000        0x0 build/app.o
 .bss           0x0000000000000000        0x0 build/app.o
 .text          0x0000000000000000        0x0 build/common.o
 .data          0x0000000000000000        0x0 build/common.o
 .bss           0x0000000000000000        0x0 build/common.o
 .text          0x0000000000000000        0x0 build/miniutils.o
 .data          0x0000000000000000        0x0 build/miniutils.o
 .bss           0x0000000000000000        0x0 build/miniutils.o
 .text.c_next   0x0000000000000000       0x12 build/miniutils.o
 .text.c_advance
                0x0000000000000000       0x14 build/miniutils.o
 .text.itoa     0x0000000000000000       0x20 build/miniutils.o
 .text.itoan    0x0000000000000000       0x20 build/miniutils.o
 .text.atoin    0x0000000000000000       0x70 build/miniutils.o
 .text.ioprint  0x0000000000000000       0x1a build/miniutils.o
 .text.printbuf
                0x0000000000000000       0x90 build/miniutils.o
 .text.vioprint
                0x0000000000000000        0x4 build/miniutils.o
 .text.sprint   0x0000000000000000       0x1a build/miniutils.o
 .text.vsprint  0x0000000000000000        0x4 build/miniutils.o
 .text.atoi     0x0000000000000000       0x16 build/miniutils.o
 .text.strnlen  0x0000000000000000       0x1e build/miniutils.o
 .text.strcmp   0x0000000000000000       0x1a build/miniutils.o
 .text.strcmpbegin
                0x0000000000000000       0x20 build/miniutils.o
 .text.strncmp  0x0000000000000000       0x1a build/miniutils.o
 .text.strncpy  0x0000000000000000       0x28 build/miniutils.o
 .text.strcpy   0x0000000000000000       0x10 build/miniutils.o
 .text.strchr   0x0000000000000000       0x14 build/miniutils.o
 .text.strpbrk  0x0000000000000000       0x22 build/miniutils.o
 .text.strnpbrk
                0x0000000000000000       0x32 build/miniutils.o
 .text.strstr   0x0000000000000000       0x30 build/miniutils.o
 .text.strncontainex
                0x0000000000000000       0x32 build/miniutils.o
 .text._strarg_next
                0x0000000000000000      0x374 build/miniutils.o
 .text.crc_ccitt_16
                0x0000000000000000       0x1a build/miniutils.o
 .text.rand     0x0000000000000000       0x18 build/miniutils.o
 .text.rand_next
                0x0000000000000000       0x14 build/miniutils.o
 .text.rand_seed
                0x0000000000000000        0xc build/miniutils.o
 .text.quicksort
                0x0000000000000000       0xf0 build/miniutils.o
 .text.quicksort_cmp
                0x0000000000000000       0x2e build/miniutils.o
 .text.strarg_next
                0x0000000000000000        0x8 build/miniutils.o
 .text.strarg_next_delim
                0x0000000000000000        0x6 build/miniutils.o
 .text.strarg_next_str
                0x0000000000000000        0x8 build/miniutils.o
 .text.strarg_next_delim_str
                0x0000000000000000        0x6 build/miniutils.o
 .text.strarg_init
                0x0000000000000000       0x18 build/miniutils.o
 .bss._rand_seed
                0x0000000000000000        0x4 build/miniutils.o
 .text          0x0000000000000000        0x0 build/uart_driver.o
 .data          0x0000000000000000        0x0 build/uart_driver.o
 .bss           0x0000000000000000        0x0 build/uart_driver.o
 .text.UART_rx_available
                0x0000000000000000       0x48 build/uart_driver.o
[...]
Memory Configuration

Name             Origin             Length             Attributes
FLASH            0x0000000008000000 0x0000000000100000 xr
RAM              0x0000000020000000 0x0000000000050000 xrw
CCMRAM           0x0000000010000000 0x0000000000010000 xrw
SDRAM            0x00000000c0000000 0x0000000000400000 xrw
*default*        0x0000000000000000 0xffffffffffffffff

Linker script and memory map

                0x000000000133a2c0                __BUILD_DATE = 0x133a2c0
                0x00000000000004c4                __BUILD_NUMBER = 0x4c4
                0x0000000008000000                FLASH_START = ORIGIN (FLASH)
                0x0000000000100000                FLASH_SIZE = 0x100000
                0x0000000020000000                RAM_START = ORIGIN (RAM)
                0x0000000000050000                RAM_SIZE = 0x50000
                0x0000000000002000                _Min_Stack_Size = 0x2000
                0x0000000020050000                _estack = (RAM_START + RAM_SIZE)

.isr_vector     0x0000000008000000        0x0
                0x0000000008000000                . = ALIGN (0x4)
                0x0000000008000000                . = ALIGN (0x4)

.text           0x0000000008000000     0x2114
                0x0000000008000000                ___SVECTOR = .
 *(.isr_vector)
 .isr_vector    0x0000000008000000      0x1c8 build/startup_stm32f746xx.o
                0x0000000008000000                g_pfnVectors
                0x0000000000000001                ASSERT ((. != ___SVECTOR), No isr_vector input-section!)
                0x00000000080001c8                . = ALIGN (0x4)
 *(.text)
 *(.text.*)
 .text.memset   0x00000000080001c8       0x3c build/memset.o
                0x00000000080001c8                memset
 .text.memcpy   0x0000000008000204       0x94 build/memcpy.o
                0x0000000008000204                memcpy
 .text.Reset_Handler
                0x0000000008000298       0x4c build/startup_stm32f746xx.o
                0x0000000008000298                Reset_Handler
 .text.Default_Handler
                0x00000000080002e4        0x2 build/startup_stm32f746xx.o
                0x00000000080002e4                RTC_Alarm_IRQHandler
                0x00000000080002e4                EXTI2_IRQHandler
                0x00000000080002e4                TIM8_CC_IRQHandler
                0x00000000080002e4                DebugMon_Handler
                0x00000000080002e4                UART8_IRQHandler
                0x00000000080002e4                SPI4_IRQHandler
                0x00000000080002e4                TIM1_CC_IRQHandler
                0x00000000080002e4                DMA2_Stream5_IRQHandler
                0x00000000080002e4                HardFault_Handler
                0x00000000080002e4                DMA1_Stream5_IRQHandler
                0x00000000080002e4                PVD_IRQHandler
                0x00000000080002e4                TAMP_STAMP_IRQHandler
                0x00000000080002e4                PendSV_Handler
                0x00000000080002e4                NMI_Handler
                0x00000000080002e4                CAN2_RX1_IRQHandler
                0x00000000080002e4                EXTI3_IRQHandler
                0x00000000080002e4                TIM8_TRG_COM_TIM14_IRQHandler
                0x00000000080002e4                TIM1_UP_TIM10_IRQHandler
                0x00000000080002e4                TIM8_UP_TIM13_IRQHandler
                0x00000000080002e4                I2C3_ER_IRQHandler
                0x00000000080002e4                EXTI0_IRQHandler
                0x00000000080002e4                I2C2_EV_IRQHandler
                0x00000000080002e4                DMA1_Stream2_IRQHandler
                0x00000000080002e4                CAN1_RX0_IRQHandler
                0x00000000080002e4                FPU_IRQHandler
                0x00000000080002e4                OTG_HS_WKUP_IRQHandler
                0x00000000080002e4                UsageFault_Handler
                0x00000000080002e4                LTDC_ER_IRQHandler
                0x00000000080002e4                CAN2_SCE_IRQHandler
                0x00000000080002e4                DMA2_Stream2_IRQHandler
                0x00000000080002e4                SPI1_IRQHandler
                0x00000000080002e4                TIM6_DAC_IRQHandler
                0x00000000080002e4                TIM1_BRK_TIM9_IRQHandler
                0x00000000080002e4                DCMI_IRQHandler
                0x00000000080002e4                CAN2_RX0_IRQHandler
                0x00000000080002e4                DMA2_Stream3_IRQHandler
                0x00000000080002e4                SAI2_IRQHandler
                0x00000000080002e4                USART6_IRQHandler
                0x00000000080002e4                CAN1_RX1_IRQHandler
                0x00000000080002e4                UART5_IRQHandler
                0x00000000080002e4                DMA2_Stream0_IRQHandler
                0x00000000080002e4                TIM4_IRQHandler
                0x00000000080002e4                QUADSPI_IRQHandler
                0x00000000080002e4                I2C1_EV_IRQHandler
                0x00000000080002e4                DMA1_Stream6_IRQHandler
                0x00000000080002e4                DMA1_Stream1_IRQHandler
                0x00000000080002e4                UART4_IRQHandler
                0x00000000080002e4                TIM3_IRQHandler
                0x00000000080002e4                RCC_IRQHandler
                0x00000000080002e4                TIM8_BRK_TIM12_IRQHandler
                0x00000000080002e4                Default_Handler
                0x00000000080002e4                CEC_IRQHandler
                0x00000000080002e4                EXTI15_10_IRQHandler
                0x00000000080002e4                DMA1_Stream7_IRQHandler
                0x00000000080002e4                SPI5_IRQHandler
                0x00000000080002e4                TIM7_IRQHandler
                0x00000000080002e4                SDMMC1_IRQHandler
                0x00000000080002e4                CAN2_TX_IRQHandler
                0x00000000080002e4                TIM5_IRQHandler
                0x00000000080002e4                DMA2_Stream7_IRQHandler
                0x00000000080002e4                I2C3_EV_IRQHandler
                0x00000000080002e4                EXTI9_5_IRQHandler
                0x00000000080002e4                RTC_WKUP_IRQHandler
                0x00000000080002e4                LTDC_IRQHandler
                0x00000000080002e4                ETH_WKUP_IRQHandler
                0x00000000080002e4                SPDIF_RX_IRQHandler
                0x00000000080002e4                SPI2_IRQHandler
                0x00000000080002e4                OTG_HS_EP1_IN_IRQHandler
                0x00000000080002e4                MemManage_Handler
                0x00000000080002e4                DMA1_Stream0_IRQHandler
                0x00000000080002e4                CAN1_TX_IRQHandler
                0x00000000080002e4                SVC_Handler
                0x00000000080002e4                EXTI4_IRQHandler
                0x00000000080002e4                RNG_IRQHandler
                0x00000000080002e4                ETH_IRQHandler
                0x00000000080002e4                OTG_HS_EP1_OUT_IRQHandler
                0x00000000080002e4                WWDG_IRQHandler
                0x00000000080002e4                SPI6_IRQHandler
                0x00000000080002e4                I2C4_EV_IRQHandler
                0x00000000080002e4                TIM2_IRQHandler
                0x00000000080002e4                OTG_FS_WKUP_IRQHandler
                0x00000000080002e4                TIM1_TRG_COM_TIM11_IRQHandler
                0x00000000080002e4                OTG_HS_IRQHandler
                0x00000000080002e4                DMA2D_IRQHandler
                0x00000000080002e4                EXTI1_IRQHandler
                0x00000000080002e4                UART7_IRQHandler
                0x00000000080002e4                USART2_IRQHandler
                0x00000000080002e4                I2C2_ER_IRQHandler
                0x00000000080002e4                DMA2_Stream1_IRQHandler
                0x00000000080002e4                CAN1_SCE_IRQHandler
                0x00000000080002e4                FLASH_IRQHandler
                0x00000000080002e4                DMA2_Stream4_IRQHandler
                0x00000000080002e4                BusFault_Handler
                0x00000000080002e4                USART1_IRQHandler
                0x00000000080002e4                OTG_FS_IRQHandler
                0x00000000080002e4                SPI3_IRQHandler
                0x00000000080002e4                DMA1_Stream4_IRQHandler
                0x00000000080002e4                I2C1_ER_IRQHandler
                0x00000000080002e4                FMC_IRQHandler
                0x00000000080002e4                LPTIM1_IRQHandler
                0x00000000080002e4                I2C4_ER_IRQHandler
                0x00000000080002e4                DMA2_Stream6_IRQHandler
                0x00000000080002e4                SAI1_IRQHandler
                0x00000000080002e4                DMA1_Stream3_IRQHandler
 *fill*         0x00000000080002e6        0x2 
 .text.uart_cb  0x00000000080002e8        0xc build/main.o
 .text.startup.main
                0x00000000080002f4      0x25c build/main.o
                0x00000000080002f4                main
 .text.SysTick_Handler
                0x0000000008000550        0x4 build/main.o
                0x0000000008000550                SysTick_Handler
 .text.app_start
                0x0000000008000554       0xf8 build/app.o
                0x0000000008000554                app_start
 .text.ADC_IRQHandler
                0x000000000800064c        0xc build/app.o
                0x000000000800064c                ADC_IRQHandler
 .text.HAL_ADC_ErrorCallback
                0x0000000008000658       0x10 build/app.o
                0x0000000008000658                HAL_ADC_ErrorCallback
 .text.HAL_ADC_ConvCpltCallback
                0x0000000008000668       0xcc build/app.o
                0x0000000008000668                HAL_ADC_ConvCpltCallback
 .text.halt     0x0000000008000734       0x3c build/common.o
                0x0000000008000734                halt
 .text.u_itoa   0x0000000008000770       0xd0 build/miniutils.o
 .text.strlen   0x0000000008000840       0x10 build/miniutils.o
                0x0000000008000840                strlen
 .text.v_printf
                0x0000000008000850      0x22c build/miniutils.o
                0x0000000008000850                v_printf
 .text.print    0x0000000008000a7c       0x1c build/miniutils.o
                0x0000000008000a7c                print
 .text.vprint   0x0000000008000a98        0xa build/miniutils.o
                0x0000000008000a98                vprint
 .text.UART_irq
                0x0000000008000aa2       0xc0 build/uart_driver.o
                0x0000000008000aa2                UART_irq
 .text.UART_tx_available
                0x0000000008000b62       0x40 build/uart_driver.o
                0x0000000008000b62                UART_tx_available
 .text.UART_tx_force_char
                0x0000000008000ba2        0xc build/uart_driver.o
                0x0000000008000ba2                UART_tx_force_char
 .text.UART_tx_flush
                0x0000000008000bae       0x48 build/uart_driver.o
                0x0000000008000bae                UART_tx_flush
 .text.UART_put_char
                0x0000000008000bf6       0x6c build/uart_driver.o
                0x0000000008000bf6                UART_put_char
 .text.UART_put_buf
                0x0000000008000c62       0xd0 build/uart_driver.o
                0x0000000008000c62                UART_put_buf
 .text.UART_set_callback
                0x0000000008000d32        0xa build/uart_driver.o
                0x0000000008000d32                UART_set_callback
 .text.UART_assure_tx
                0x0000000008000d3c        0xc build/uart_driver.o
                0x0000000008000d3c                UART_assure_tx
 .text.UART_sync_tx
                0x0000000008000d48        0xc build/uart_driver.o
                0x0000000008000d48                UART_sync_tx
 .text.UART_config
                0x0000000008000d54      0x290 build/uart_driver.o
                0x0000000008000d54                UART_config
 .text.UART_init
                0x0000000008000fe4       0x40 build/uart_driver.o
                0x0000000008000fe4                UART_init
 .text.USART3_IRQHandler
                0x0000000008001024        0xc build/uart_driver.o
                0x0000000008001024                USART3_IRQHandler
 .text.Yin_difference
                0x0000000008001030       0x46 build/Yin.o
                0x0000000008001030                Yin_difference
 *fill*         0x0000000008001076        0x2 
 .text.Yin_cumulativeMeanNormalizedDifference
                0x0000000008001078       0x48 build/Yin.o
                0x0000000008001078                Yin_cumulativeMeanNormalizedDifference
 .text.Yin_absoluteThreshold
                0x00000000080010c0       0x94 build/Yin.o
                0x00000000080010c0                Yin_absoluteThreshold
 .text.Yin_parabolicInterpolation
                0x0000000008001154       0xb2 build/Yin.o
                0x0000000008001154                Yin_parabolicInterpolation
 .text.Yin_init
                0x0000000008001206       0x2c build/Yin.o
                0x0000000008001206                Yin_init
 *fill*         0x0000000008001232        0x2 
 .text.Yin_getPitch
                0x0000000008001234       0x34 build/Yin.o
                0x0000000008001234                Yin_getPitch
 .text.Yin_getProbability
                0x0000000008001268        0x6 build/Yin.o
                0x0000000008001268                Yin_getProbability
 .text.HAL_MspInit
                0x000000000800126e        0x2 build/stm32f7xx_hal.o
                0x000000000800126e                HAL_MspInit
 .text.HAL_InitTick
                0x0000000008001270       0x24 build/stm32f7xx_hal.o
                0x0000000008001270                HAL_InitTick
 .text.HAL_Init
                0x0000000008001294       0x24 build/stm32f7xx_hal.o
                0x0000000008001294                HAL_Init
 .text.HAL_IncTick
                0x00000000080012b8       0x10 build/stm32f7xx_hal.o
                0x00000000080012b8                HAL_IncTick
 .text.HAL_GetTick
                0x00000000080012c8        0xc build/stm32f7xx_hal.o
                0x00000000080012c8                HAL_GetTick
 .text.HAL_ADC_MspInit
                0x00000000080012d4        0x2 build/stm32f7xx_hal_adc.o
                0x00000000080012d4                HAL_ADC_MspInit
 *fill*         0x00000000080012d6        0x2 
 .text.HAL_ADC_Init
                0x00000000080012d8      0x138 build/stm32f7xx_hal_adc.o
                0x00000000080012d8                HAL_ADC_Init
 .text.HAL_ADC_Start_IT
                0x0000000008001410       0xbc build/stm32f7xx_hal_adc.o
                0x0000000008001410                HAL_ADC_Start_IT
 .text.HAL_ADC_GetValue
                0x00000000080014cc        0x6 build/stm32f7xx_hal_adc.o
                0x00000000080014cc                HAL_ADC_GetValue
 .text.HAL_ADC_LevelOutOfWindowCallback
                0x00000000080014d2        0x2 build/stm32f7xx_hal_adc.o
                0x00000000080014d2                HAL_ADC_LevelOutOfWindowCallback
 .text.HAL_ADC_IRQHandler
                0x00000000080014d4       0xf2 build/stm32f7xx_hal_adc.o
                0x00000000080014d4                HAL_ADC_IRQHandler
 *fill*         0x00000000080015c6        0x2 
 .text.HAL_ADC_ConfigChannel
                0x00000000080015c8      0x12c build/stm32f7xx_hal_adc.o
                0x00000000080015c8                HAL_ADC_ConfigChannel
 .text.HAL_ADCEx_InjectedConvCpltCallback
                0x00000000080016f4        0x2 build/stm32f7xx_hal_adc_ex.o
                0x00000000080016f4                HAL_ADCEx_InjectedConvCpltCallback
 *fill*         0x00000000080016f6        0x2 
 .text.HAL_NVIC_SetPriorityGrouping
                0x00000000080016f8       0x24 build/stm32f7xx_hal_cortex.o
                0x00000000080016f8                HAL_NVIC_SetPriorityGrouping
 .text.HAL_NVIC_SetPriority
                0x000000000800171c       0x68 build/stm32f7xx_hal_cortex.o
                0x000000000800171c                HAL_NVIC_SetPriority
 .text.HAL_NVIC_EnableIRQ
                0x0000000008001784       0x18 build/stm32f7xx_hal_cortex.o
                0x0000000008001784                HAL_NVIC_EnableIRQ
 .text.HAL_SYSTICK_Config
                0x000000000800179c       0x2c build/stm32f7xx_hal_cortex.o
                0x000000000800179c                HAL_SYSTICK_Config
 .text.HAL_MPU_ConfigRegion
                0x00000000080017c8       0x4c build/stm32f7xx_hal_cortex.o
                0x00000000080017c8                HAL_MPU_ConfigRegion
 .text.HAL_GPIO_Init
                0x0000000008001814      0x1d4 build/stm32f7xx_hal_gpio.o
                0x0000000008001814                HAL_GPIO_Init
 .text.HAL_PWREx_EnableOverDrive
                0x00000000080019e8       0x70 build/stm32f7xx_hal_pwr_ex.o
                0x00000000080019e8                HAL_PWREx_EnableOverDrive
 .text.HAL_RCC_OscConfig
                0x0000000008001a58      0x3ac build/stm32f7xx_hal_rcc.o
                0x0000000008001a58                HAL_RCC_OscConfig
 .text.HAL_RCC_ClockConfig
                0x0000000008001e04      0x1bc build/stm32f7xx_hal_rcc.o
                0x0000000008001e04                HAL_RCC_ClockConfig
 .text.HAL_RCC_GetSysClockFreq
                0x0000000008001fc0       0x7c build/stm32f7xx_hal_rcc.o
                0x0000000008001fc0                HAL_RCC_GetSysClockFreq
 .text.HAL_RCC_GetHCLKFreq
                0x000000000800203c       0x34 build/stm32f7xx_hal_rcc.o
                0x000000000800203c                HAL_RCC_GetHCLKFreq
 .text.HAL_RCC_GetPCLK1Freq
                0x0000000008002070       0x2c build/stm32f7xx_hal_rcc.o
                0x0000000008002070                HAL_RCC_GetPCLK1Freq
 .text.HAL_RCC_GetPCLK2Freq
                0x000000000800209c       0x2c build/stm32f7xx_hal_rcc.o
                0x000000000800209c                HAL_RCC_GetPCLK2Freq
 .text.SystemInit
                0x00000000080020c8       0x4c build/system_stm32f7xx.o
                0x00000000080020c8                SystemInit
 *(.gnu.linkonce.t.*)
 *(.gnu.linkonce.r.*)
 *(.ARM.extab* .gnu.linkonce.armextab.*)
                0x0000000008002114                . = ALIGN (0x4)
 *(.init)
                0x0000000008002114                . = ALIGN (0x4)
                0x0000000008002114                __preinit_array_start = .
 *(.preinit_array)
                0x0000000008002114                __preinit_array_end = .
                0x0000000008002114                . = ALIGN (0x4)
                0x0000000008002114                __init_array_start = .
 *(SORT(.init_array.*))
 *(.init_array)
                0x0000000008002114                __init_array_end = .
                0x0000000008002114                . = ALIGN (0x4)
 *(.fini)
                0x0000000008002114                . = ALIGN (0x4)
                0x0000000008002114                __fini_array_start = .
 *(.fini_array)
 *(SORT(.fini_array.*))
                0x0000000008002114                __fini_array_end = .

.rodata.str1.1  0x0000000008002114      0x21e
 .rodata.str1.1
                0x0000000008002114      0x104 build/main.o
 .rodata.str1.1
                0x0000000008002218       0x89 build/app.o
 .rodata.str1.1
                0x00000000080022a1       0x11 build/common.o
                                         0x13 (size before relaxing)
 .rodata.str1.1
                0x00000000080022b2       0x80 build/miniutils.o
                                         0x85 (size before relaxing)

.rodata.CSWTCH.37
                0x0000000008002332        0x4
 .rodata.CSWTCH.37
                0x0000000008002332        0x4 build/uart_driver.o

.rodata.CSWTCH.38
                0x0000000008002336        0xd
 .rodata.CSWTCH.38
                0x0000000008002336        0xd build/uart_driver.o

.rodata.APBAHBPrescTable
                0x0000000008002343       0x10
 .rodata.APBAHBPrescTable
                0x0000000008002343       0x10 build/stm32f7xx_hal_rcc.o
                0x0000000008002343                APBAHBPrescTable

.glue_7         0x0000000008002354        0x0
 .glue_7        0x0000000008002354        0x0 linker stubs

.glue_7t        0x0000000008002354        0x0
 .glue_7t       0x0000000008002354        0x0 linker stubs

.vfp11_veneer   0x0000000008002354        0x0
 .vfp11_veneer  0x0000000008002354        0x0 linker stubs

.v4_bx          0x0000000008002354        0x0
 .v4_bx         0x0000000008002354        0x0 linker stubs

.iplt           0x0000000008002354        0x0
 .iplt          0x0000000008002354        0x0 build/startup_stm32f746xx.o

.rel.dyn        0x0000000008002354        0x0
 .rel.iplt      0x0000000008002354        0x0 build/startup_stm32f746xx.o

.ARM            0x0000000008002353        0x0
                0x0000000008002353                __exidx_start = .
 *(.ARM.exidx* .gnu.linkonce.armexidx.*)
                0x0000000008002353                __exidx_end = .

.text.align_etext
                0x0000000008002353        0x5
                0x0000000008002358                . = ALIGN (0x8)
 *fill*         0x0000000008002353        0x5 
                0x0000000008002358                _etext = .
                0x0000000008002358                _sidata = .

.data           0x0000000020000000        0x8 load address 0x0000000008002358
                0x0000000020000000                . = ALIGN (0x4)
                0x0000000020000000                _sdata = .
 *(.got.plt)
 *(.got)
 *(.shdata)
 *(.data)
 *(.data.*)
 .data.SystemCoreClock
                0x0000000020000000        0x4 build/system_stm32f7xx.o
                0x0000000020000000                SystemCoreClock
 *(.gnu.linkonce.d.*)
                0x0000000020000004                . = ALIGN (0x4)
 *(.ram_functions)
                0x0000000020000008                . = ALIGN (0x8)
 *fill*         0x0000000020000004        0x4 
                0x0000000020000008                _edata = .

.igot.plt       0x0000000020000008        0x0 load address 0x0000000008002360
 .igot.plt      0x0000000020000008        0x0 build/startup_stm32f746xx.o
                0x0000000020000008                . = ALIGN (0x4)

.bss            0x0000000020000008     0x4300 load address 0x0000000008002360
                0x0000000020000008                _sbss = .
                0x0000000020000008                __bss_start__ = _sbss
 *(.bss)
 *(.bss.*)
 .bss.min       0x0000000020000008        0x2 build/app.o
 .bss.max       0x000000002000000a        0x2 build/app.o
 .bss.sum       0x000000002000000c        0x4 build/app.o
 .bss._work     0x0000000020000010     0x1f40 build/app.o
 .bss.data      0x0000000020001f50     0x1f40 build/app.o
 .bss.ix        0x0000000020003e90        0x4 build/app.o
                0x0000000020003e90                ix
 .bss.uwTick    0x0000000020003e94        0x4 build/stm32f7xx_hal.o
 *(.gnu.linkonce.b.*)
 *(COMMON)
 COMMON         0x0000000020003e98       0x54 build/app.o
                0x0000000020003e98                adc_hdl
                0x0000000020003edc                yin
 COMMON         0x0000000020003eec      0x418 build/uart_driver.o
                0x0000000020003eec                __uart_vec
                0x0000000020004308                . = ALIGN (0x8)
 *fill*         0x0000000020004304        0x4 
                0x0000000020004308                _ebss = .
                0x0000000020004308                __bss_end__ = _ebss
                0x0000000020004308                . = ALIGN (0x4)
                0x0000000020004308                __stack_start__ = .
                0x0000000020004308                . = ALIGN (0x4)
                0x0000000020050000                __stack_end__ = _estack

.stab
 *(.stab)

.stabstr
 *(.stabstr)

.debug
 *(.debug)

.line
 *(.line)

.debug_srcinfo
 *(.debug_srcinfo)

.debug_sfnames
 *(.debug_sfnames)

.debug_aranges  0x0000000000000000     0x13e8
 *(.debug_aranges)
 .debug_aranges
                0x0000000000000000       0x30 build/main.o
 .debug_aranges
                0x0000000000000030       0x38 build/app.o
 .debug_aranges
                0x0000000000000068       0x20 build/common.o
 .debug_aranges
                0x0000000000000088      0x150 build/miniutils.o
 .debug_aranges
                0x00000000000001d8       0xa0 build/uart_driver.o
 .debug_aranges
                0x0000000000000278       0x28 build/stm32f7xx_hal_msp.o
 .debug_aranges
                0x00000000000002a0       0xe0 build/stm32746g_discovery.o
 .debug_aranges
                0x0000000000000380       0x58 build/stm32746g_discovery_ts.o
 .debug_aranges
                0x00000000000003d8       0x50 build/Yin.o
 .debug_aranges
                0x0000000000000428       0xc8 build/stm32f7xx_hal.o
 .debug_aranges
                0x00000000000004f0       0xb8 build/stm32f7xx_hal_adc.o
 .debug_aranges
                0x00000000000005a8       0x90 build/stm32f7xx_hal_adc_ex.o
 .debug_aranges
                0x0000000000000638       0x98 build/stm32f7xx_hal_cortex.o
 .debug_aranges
                0x00000000000006d0       0x68 build/stm32f7xx_hal_dma.o
 .debug_aranges
                0x0000000000000738       0x30 build/stm32f7xx_hal_dma_ex.o
 .debug_aranges
                0x0000000000000768       0x98 build/stm32f7xx_hal_flash.o
 .debug_aranges
                0x0000000000000800       0x48 build/stm32f7xx_hal_flash_ex.o
 .debug_aranges
                0x0000000000000848       0x58 build/stm32f7xx_hal_gpio.o
 .debug_aranges
                0x00000000000008a0      0x158 build/stm32f7xx_hal_i2c.o
 .debug_aranges
                0x00000000000009f8       0x28 build/stm32f7xx_hal_i2c_ex.o
 .debug_aranges
                0x0000000000000a20       0xc8 build/stm32f7xx_hal_ltdc.o
 .debug_aranges
                0x0000000000000ae8       0xa0 build/stm32f7xx_hal_pwr.o
 .debug_aranges
                0x0000000000000b88       0x80 build/stm32f7xx_hal_pwr_ex.o
 .debug_aranges
                0x0000000000000c08       0x88 build/stm32f7xx_hal_rcc.o
 .debug_aranges
                0x0000000000000c90       0x30 build/stm32f7xx_hal_rcc_ex.o
 .debug_aranges
                0x0000000000000cc0      0x180 build/stm32f7xx_hal_spi.o
 .debug_aranges
                0x0000000000000e40       0xb0 build/stm32f7xx_hal_sdram.o
 .debug_aranges
                0x0000000000000ef0       0x88 build/stm32f7xx_hal_sram.o
 .debug_aranges
                0x0000000000000f78      0x260 build/stm32f7xx_hal_tim.o
 .debug_aranges
                0x00000000000011d8      0x120 build/stm32f7xx_hal_tim_ex.o
 .debug_aranges
                0x00000000000012f8       0xc8 build/stm32f7xx_ll_fmc.o
 .debug_aranges
                0x00000000000013c0       0x28 build/system_stm32f7xx.o

.debug_pubnames
 *(.debug_pubnames)

.debug_info     0x0000000000000000    0x1e1d5
 *(.debug_info .gnu.linkonce.wi.*)
 .debug_info    0x0000000000000000     0x1c11 build/main.o
 .debug_info    0x0000000000001c11     0x11df build/app.o
 .debug_info    0x0000000000002df0      0x313 build/common.o
 .debug_info    0x0000000000003103     0x18ec build/miniutils.o
 .debug_info    0x00000000000049ef      0xd80 build/uart_driver.o
 .debug_info    0x000000000000576f      0xa27 build/stm32f7xx_hal_msp.o
 .debug_info    0x0000000000006196     0x1d05 build/stm32746g_discovery.o
 .debug_info    0x0000000000007e9b      0xa9d build/stm32746g_discovery_ts.o
 .debug_info    0x0000000000008938      0x3ba build/Yin.o
 .debug_info    0x0000000000008cf2      0xa39 build/stm32f7xx_hal.o
 .debug_info    0x000000000000972b      0xe1e build/stm32f7xx_hal_adc.o
 .debug_info    0x000000000000a549      0xc55 build/stm32f7xx_hal_adc_ex.o
 .debug_info    0x000000000000b19e     0x11a4 build/stm32f7xx_hal_cortex.o
 .debug_info    0x000000000000c342      0x87e build/stm32f7xx_hal_dma.o
 .debug_info    0x000000000000cbc0      0x56a build/stm32f7xx_hal_dma_ex.o
 .debug_info    0x000000000000d12a      0x72e build/stm32f7xx_hal_flash.o
 .debug_info    0x000000000000d858      0xa65 build/stm32f7xx_hal_flash_ex.o
 .debug_info    0x000000000000e2bd      0x7e7 build/stm32f7xx_hal_gpio.o
 .debug_info    0x000000000000eaa4     0x25ef build/stm32f7xx_hal_i2c.o
 .debug_info    0x0000000000011093      0x695 build/stm32f7xx_hal_i2c_ex.o
 .debug_info    0x0000000000011728      0xdbe build/stm32f7xx_hal_ltdc.o
 .debug_info    0x00000000000124e6      0xa8a build/stm32f7xx_hal_pwr.o
 .debug_info    0x0000000000012f70      0xaba build/stm32f7xx_hal_pwr_ex.o
 .debug_info    0x0000000000013a2a      0xe27 build/stm32f7xx_hal_rcc.o
 .debug_info    0x0000000000014851      0xbe0 build/stm32f7xx_hal_rcc_ex.o
 .debug_info    0x0000000000015431     0x1b0e build/stm32f7xx_hal_spi.o
 .debug_info    0x0000000000016f3f      0xdeb build/stm32f7xx_hal_sdram.o
 .debug_info    0x0000000000017d2a      0xc14 build/stm32f7xx_hal_sram.o
 .debug_info    0x000000000001893e     0x2f2d build/stm32f7xx_hal_tim.o
 .debug_info    0x000000000001b86b     0x1491 build/stm32f7xx_hal_tim_ex.o
 .debug_info    0x000000000001ccfc      0xd75 build/stm32f7xx_ll_fmc.o
 .debug_info    0x000000000001da71      0x764 build/system_stm32f7xx.o

.debug_abbrev   0x0000000000000000     0x4ea8
 *(.debug_abbrev)
 .debug_abbrev  0x0000000000000000      0x35b build/main.o
 .debug_abbrev  0x000000000000035b      0x2ce build/app.o
 .debug_abbrev  0x0000000000000629      0x16c build/common.o
 .debug_abbrev  0x0000000000000795      0x47f build/miniutils.o
 .debug_abbrev  0x0000000000000c14      0x2eb build/uart_driver.o
 .debug_abbrev  0x0000000000000eff      0x192 build/stm32f7xx_hal_msp.o
 .debug_abbrev  0x0000000000001091      0x401 build/stm32746g_discovery.o
 .debug_abbrev  0x0000000000001492      0x27b build/stm32746g_discovery_ts.o
 .debug_abbrev  0x000000000000170d      0x16b build/Yin.o
 .debug_abbrev  0x0000000000001878      0x1e3 build/stm32f7xx_hal.o
 .debug_abbrev  0x0000000000001a5b      0x2c3 build/stm32f7xx_hal_adc.o
 .debug_abbrev  0x0000000000001d1e      0x267 build/stm32f7xx_hal_adc_ex.o
 .debug_abbrev  0x0000000000001f85      0x361 build/stm32f7xx_hal_cortex.o
 .debug_abbrev  0x00000000000022e6      0x28f build/stm32f7xx_hal_dma.o
 .debug_abbrev  0x0000000000002575      0x196 build/stm32f7xx_hal_dma_ex.o
 .debug_abbrev  0x000000000000270b      0x2c7 build/stm32f7xx_hal_flash.o
 .debug_abbrev  0x00000000000029d2      0x2d2 build/stm32f7xx_hal_flash_ex.o
 .debug_abbrev  0x0000000000002ca4      0x200 build/stm32f7xx_hal_gpio.o
 .debug_abbrev  0x0000000000002ea4      0x2ef build/stm32f7xx_hal_i2c.o
 .debug_abbrev  0x0000000000003193      0x126 build/stm32f7xx_hal_i2c_ex.o
 .debug_abbrev  0x00000000000032b9      0x254 build/stm32f7xx_hal_ltdc.o
 .debug_abbrev  0x000000000000350d      0x1af build/stm32f7xx_hal_pwr.o
 .debug_abbrev  0x00000000000036bc      0x1c5 build/stm32f7xx_hal_pwr_ex.o
 .debug_abbrev  0x0000000000003881      0x32b build/stm32f7xx_hal_rcc.o
 .debug_abbrev  0x0000000000003bac      0x24e build/stm32f7xx_hal_rcc_ex.o
 .debug_abbrev  0x0000000000003dfa      0x389 build/stm32f7xx_hal_spi.o
 .debug_abbrev  0x0000000000004183      0x255 build/stm32f7xx_hal_sdram.o
 .debug_abbrev  0x00000000000043d8      0x215 build/stm32f7xx_hal_sram.o
 .debug_abbrev  0x00000000000045ed      0x36e build/stm32f7xx_hal_tim.o
 .debug_abbrev  0x000000000000495b      0x29e build/stm32f7xx_hal_tim_ex.o
 .debug_abbrev  0x0000000000004bf9      0x19f build/stm32f7xx_ll_fmc.o
 .debug_abbrev  0x0000000000004d98      0x110 build/system_stm32f7xx.o

.debug_line     0x0000000000000000     0xb5fc
 *(.debug_line)
 .debug_line    0x0000000000000000      0x437 build/main.o
 .debug_line    0x0000000000000437      0x381 build/app.o
 .debug_line    0x00000000000007b8      0x21c build/common.o
 .debug_line    0x00000000000009d4      0x788 build/miniutils.o
 .debug_line    0x000000000000115c      0x4c0 build/uart_driver.o
 .debug_line    0x000000000000161c      0x2c0 build/stm32f7xx_hal_msp.o
 .debug_line    0x00000000000018dc      0x50b build/stm32746g_discovery.o
 .debug_line    0x0000000000001de7      0x3f4 build/stm32746g_discovery_ts.o
 .debug_line    0x00000000000021db      0x240 build/Yin.o
 .debug_line    0x000000000000241b      0x41b build/stm32f7xx_hal.o
 .debug_line    0x0000000000002836      0x70c build/stm32f7xx_hal_adc.o
 .debug_line    0x0000000000002f42      0x5be build/stm32f7xx_hal_adc_ex.o
 .debug_line    0x0000000000003500      0x46e build/stm32f7xx_hal_cortex.o
 .debug_line    0x000000000000396e      0x4f0 build/stm32f7xx_hal_dma.o
 .debug_line    0x0000000000003e5e      0x31f build/stm32f7xx_hal_dma_ex.o
 .debug_line    0x000000000000417d      0x4c2 build/stm32f7xx_hal_flash.o
 .debug_line    0x000000000000463f      0x47a build/stm32f7xx_hal_flash_ex.o
 .debug_line    0x0000000000004ab9      0x45b build/stm32f7xx_hal_gpio.o
 .debug_line    0x0000000000004f14      0xfd0 build/stm32f7xx_hal_i2c.o
 .debug_line    0x0000000000005ee4      0x341 build/stm32f7xx_hal_i2c_ex.o
 .debug_line    0x0000000000006225      0x804 build/stm32f7xx_hal_ltdc.o
 .debug_line    0x0000000000006a29      0x3d9 build/stm32f7xx_hal_pwr.o
 .debug_line    0x0000000000006e02      0x3e1 build/stm32f7xx_hal_pwr_ex.o
 .debug_line    0x00000000000071e3      0x654 build/stm32f7xx_hal_rcc.o
 .debug_line    0x0000000000007837      0x572 build/stm32f7xx_hal_rcc_ex.o
 .debug_line    0x0000000000007da9      0xcfe build/stm32f7xx_hal_spi.o
 .debug_line    0x0000000000008aa7      0x57e build/stm32f7xx_hal_sdram.o
 .debug_line    0x0000000000009025      0x536 build/stm32f7xx_hal_sram.o
 .debug_line    0x000000000000955b     0x1121 build/stm32f7xx_hal_tim.o
 .debug_line    0x000000000000a67c      0x839 build/stm32f7xx_hal_tim_ex.o
 .debug_line    0x000000000000aeb5      0x4f8 build/stm32f7xx_ll_fmc.o
 .debug_line    0x000000000000b3ad      0x24f build/system_stm32f7xx.o

.debug_frame    0x0000000000000000     0x3920
 *(.debug_frame)
 .debug_frame   0x0000000000000000       0x4c build/main.o
 .debug_frame   0x000000000000004c       0x98 build/app.o
 .debug_frame   0x00000000000000e4       0x34 build/common.o
 .debug_frame   0x0000000000000118      0x404 build/miniutils.o
 .debug_frame   0x000000000000051c      0x190 build/uart_driver.o
 .debug_frame   0x00000000000006ac       0x48 build/stm32f7xx_hal_msp.o
 .debug_frame   0x00000000000006f4      0x2ac build/stm32746g_discovery.o
 .debug_frame   0x00000000000009a0       0xd8 build/stm32746g_discovery_ts.o
 .debug_frame   0x0000000000000a78       0xbc build/Yin.o
 .debug_frame   0x0000000000000b34      0x1a4 build/stm32f7xx_hal.o
 .debug_frame   0x0000000000000cd8      0x230 build/stm32f7xx_hal_adc.o
 .debug_frame   0x0000000000000f08      0x160 build/stm32f7xx_hal_adc_ex.o
 .debug_frame   0x0000000000001068      0x130 build/stm32f7xx_hal_cortex.o
 .debug_frame   0x0000000000001198      0x120 build/stm32f7xx_hal_dma.o
 .debug_frame   0x00000000000012b8       0x58 build/stm32f7xx_hal_dma_ex.o
 .debug_frame   0x0000000000001310      0x160 build/stm32f7xx_hal_flash.o
 .debug_frame   0x0000000000001470       0x98 build/stm32f7xx_hal_flash_ex.o
 .debug_frame   0x0000000000001508       0xd4 build/stm32f7xx_hal_gpio.o
 .debug_frame   0x00000000000015dc      0x54c build/stm32f7xx_hal_i2c.o
 .debug_frame   0x0000000000001b28       0x30 build/stm32f7xx_hal_i2c_ex.o
 .debug_frame   0x0000000000001b58      0x25c build/stm32f7xx_hal_ltdc.o
 .debug_frame   0x0000000000001db4      0x130 build/stm32f7xx_hal_pwr.o
 .debug_frame   0x0000000000001ee4      0x13c build/stm32f7xx_hal_pwr_ex.o
 .debug_frame   0x0000000000002020      0x150 build/stm32f7xx_hal_rcc.o
 .debug_frame   0x0000000000002170       0x68 build/stm32f7xx_hal_rcc_ex.o
 .debug_frame   0x00000000000021d8      0x514 build/stm32f7xx_hal_spi.o
 .debug_frame   0x00000000000026ec      0x228 build/stm32f7xx_hal_sdram.o
 .debug_frame   0x0000000000002914      0x1a8 build/stm32f7xx_hal_sram.o
 .debug_frame   0x0000000000002abc      0x87c build/stm32f7xx_hal_tim.o
 .debug_frame   0x0000000000003338      0x3c8 build/stm32f7xx_hal_tim_ex.o
 .debug_frame   0x0000000000003700      0x1f0 build/stm32f7xx_ll_fmc.o
 .debug_frame   0x00000000000038f0       0x30 build/system_stm32f7xx.o

.debug_str      0x0000000000000000     0x6ebb
 *(.debug_str)
 .debug_str     0x0000000000000000     0x1318 build/main.o
                                       0x1433 (size before relaxing)
 .debug_str     0x0000000000001318      0x527 build/app.o
                                       0x112e (size before relaxing)
 .debug_str     0x000000000000183f       0x53 build/common.o
                                        0x22c (size before relaxing)
 .debug_str     0x0000000000001892      0x2c9 build/miniutils.o
                                        0x521 (size before relaxing)
 .debug_str     0x0000000000001b5b      0x334 build/uart_driver.o
                                        0x72e (size before relaxing)
 .debug_str     0x0000000000001e8f      0x2be build/stm32f7xx_hal_msp.o
                                        0x66c (size before relaxing)
 .debug_str     0x000000000000214d      0x5d5 build/stm32746g_discovery.o
                                       0x1284 (size before relaxing)
 .debug_str     0x0000000000002722      0x253 build/stm32746g_discovery_ts.o
                                        0xb6b (size before relaxing)
 .debug_str     0x0000000000002975       0xc2 build/Yin.o
                                        0x2a7 (size before relaxing)
 .debug_str     0x0000000000002a37      0x2d3 build/stm32f7xx_hal.o
                                        0xbb6 (size before relaxing)
 .debug_str     0x0000000000002d0a      0x233 build/stm32f7xx_hal_adc.o
                                        0xa88 (size before relaxing)
 .debug_str     0x0000000000002f3d      0x31c build/stm32f7xx_hal_adc_ex.o
                                        0xb50 (size before relaxing)
 .debug_str     0x0000000000003259      0x21c build/stm32f7xx_hal_cortex.o
                                        0xd7c (size before relaxing)
 .debug_str     0x0000000000003475      0x198 build/stm32f7xx_hal_dma.o
                                        0x678 (size before relaxing)
 .debug_str     0x000000000000360d      0x102 build/stm32f7xx_hal_dma_ex.o
                                        0x5a7 (size before relaxing)
 .debug_str     0x000000000000370f      0x290 build/stm32f7xx_hal_flash.o
                                        0x532 (size before relaxing)
 .debug_str     0x000000000000399f      0x2b9 build/stm32f7xx_hal_flash_ex.o
                                        0x622 (size before relaxing)
 .debug_str     0x0000000000003c58       0xf3 build/stm32f7xx_hal_gpio.o
                                        0x523 (size before relaxing)
 .debug_str     0x0000000000003d4b      0x438 build/stm32f7xx_hal_i2c.o
                                        0xbba (size before relaxing)
 .debug_str     0x0000000000004183       0x96 build/stm32f7xx_hal_i2c_ex.o
                                        0x769 (size before relaxing)
 .debug_str     0x0000000000004219      0x2d2 build/stm32f7xx_hal_ltdc.o
                                        0x79d (size before relaxing)
 .debug_str     0x00000000000044eb      0x25a build/stm32f7xx_hal_pwr.o
                                        0x669 (size before relaxing)
 .debug_str     0x0000000000004745      0x1ea build/stm32f7xx_hal_pwr_ex.o
                                        0x67e (size before relaxing)
 .debug_str     0x000000000000492f      0x150 build/stm32f7xx_hal_rcc.o
                                        0x6f9 (size before relaxing)
 .debug_str     0x0000000000004a7f      0x371 build/stm32f7xx_hal_rcc_ex.o
                                        0x6bb (size before relaxing)
 .debug_str     0x0000000000004df0      0x5a9 build/stm32f7xx_hal_spi.o
                                        0xae4 (size before relaxing)
 .debug_str     0x0000000000005399      0x319 build/stm32f7xx_hal_sdram.o
                                        0xa69 (size before relaxing)
 .debug_str     0x00000000000056b2      0x446 build/stm32f7xx_hal_sram.o
                                        0x94e (size before relaxing)
 .debug_str     0x0000000000005af8      0xc71 build/stm32f7xx_hal_tim.o
                                       0x11a2 (size before relaxing)
 .debug_str     0x0000000000006769      0x4e5 build/stm32f7xx_hal_tim_ex.o
                                        0xdbf (size before relaxing)
 .debug_str     0x0000000000006c4e      0x1d9 build/stm32f7xx_ll_fmc.o
                                        0x8c2 (size before relaxing)
 .debug_str     0x0000000000006e27       0x94 build/system_stm32f7xx.o
                                        0x49d (size before relaxing)

.debug_loc      0x0000000000000000    0x12a2e
 *(.debug_loc)
 .debug_loc     0x0000000000000000      0x169 build/main.o
 .debug_loc     0x0000000000000169      0x165 build/app.o
 .debug_loc     0x00000000000002ce       0x2c build/common.o
 .debug_loc     0x00000000000002fa     0x208d build/miniutils.o
 .debug_loc     0x0000000000002387      0x85c build/uart_driver.o
 .debug_loc     0x0000000000002be3       0x5a build/stm32f7xx_hal_msp.o
 .debug_loc     0x0000000000002c3d      0xb1d build/stm32746g_discovery.o
 .debug_loc     0x000000000000375a      0x311 build/stm32746g_discovery_ts.o
 .debug_loc     0x0000000000003a6b      0x480 build/Yin.o
 .debug_loc     0x0000000000003eeb       0xe8 build/stm32f7xx_hal.o
 .debug_loc     0x0000000000003fd3      0x88b build/stm32f7xx_hal_adc.o
 .debug_loc     0x000000000000485e      0x6a4 build/stm32f7xx_hal_adc_ex.o
 .debug_loc     0x0000000000004f02      0x4cd build/stm32f7xx_hal_cortex.o
 .debug_loc     0x00000000000053cf      0x61e build/stm32f7xx_hal_dma.o
 .debug_loc     0x00000000000059ed      0x23b build/stm32f7xx_hal_dma_ex.o
 .debug_loc     0x0000000000005c28      0x3a2 build/stm32f7xx_hal_flash.o
 .debug_loc     0x0000000000005fca      0x5c9 build/stm32f7xx_hal_flash_ex.o
 .debug_loc     0x0000000000006593      0x3f3 build/stm32f7xx_hal_gpio.o
 .debug_loc     0x0000000000006986     0x24c5 build/stm32f7xx_hal_i2c.o
 .debug_loc     0x0000000000008e4b      0x115 build/stm32f7xx_hal_i2c_ex.o
 .debug_loc     0x0000000000008f60      0xc22 build/stm32f7xx_hal_ltdc.o
 .debug_loc     0x0000000000009b82       0xee build/stm32f7xx_hal_pwr.o
 .debug_loc     0x0000000000009c70      0x2d8 build/stm32f7xx_hal_pwr_ex.o
 .debug_loc     0x0000000000009f48      0x75c build/stm32f7xx_hal_rcc.o
 .debug_loc     0x000000000000a6a4      0x874 build/stm32f7xx_hal_rcc_ex.o
 .debug_loc     0x000000000000af18     0x1816 build/stm32f7xx_hal_spi.o
 .debug_loc     0x000000000000c72e      0xb83 build/stm32f7xx_hal_sdram.o
 .debug_loc     0x000000000000d2b1      0x8c4 build/stm32f7xx_hal_sram.o
 .debug_loc     0x000000000000db75     0x3372 build/stm32f7xx_hal_tim.o
 .debug_loc     0x0000000000010ee7     0x10de build/stm32f7xx_hal_tim_ex.o
 .debug_loc     0x0000000000011fc5      0x98f build/stm32f7xx_ll_fmc.o
 .debug_loc     0x0000000000012954       0xda build/system_stm32f7xx.o

.debug_macinfo
 *(.debug_macinfo)

.debug_weaknames
 *(.debug_weaknames)

.debug_funcnames
 *(.debug_funcnames)

.debug_typenames
 *(.debug_typenames)

.debug_varnames
 *(.debug_varnames)

.note.gnu.arm.ident
 *(.note.gnu.arm.ident)

.ARM.attributes
                0x0000000000000000       0x35
 *(.ARM.attributes)
 .ARM.attributes
                0x0000000000000000       0x21 build/memset.o
 .ARM.attributes
                0x0000000000000021       0x21 build/memcpy.o
 .ARM.attributes
                0x0000000000000042       0x21 build/variadic.o
 .ARM.attributes
                0x0000000000000063       0x21 build/startup_stm32f746xx.o
 .ARM.attributes
                0x0000000000000084       0x39 build/main.o
 .ARM.attributes
                0x00000000000000bd       0x39 build/app.o
 .ARM.attributes
                0x00000000000000f6       0x39 build/common.o
 .ARM.attributes
                0x000000000000012f       0x39 build/miniutils.o
 .ARM.attributes
                0x0000000000000168       0x39 build/uart_driver.o
 .ARM.attributes
                0x00000000000001a1       0x39 build/stm32f7xx_hal_msp.o
 .ARM.attributes
                0x00000000000001da       0x39 build/stm32746g_discovery.o
 .ARM.attributes
                0x0000000000000213       0x39 build/stm32746g_discovery_ts.o
 .ARM.attributes
                0x000000000000024c       0x39 build/Yin.o
 .ARM.attributes
                0x0000000000000285       0x39 build/stm32f7xx_hal.o
 .ARM.attributes
                0x00000000000002be       0x39 build/stm32f7xx_hal_adc.o
 .ARM.attributes
                0x00000000000002f7       0x39 build/stm32f7xx_hal_adc_ex.o
 .ARM.attributes
                0x0000000000000330       0x39 build/stm32f7xx_hal_cortex.o
 .ARM.attributes
                0x0000000000000369       0x39 build/stm32f7xx_hal_dma.o
 .ARM.attributes
                0x00000000000003a2       0x39 build/stm32f7xx_hal_dma_ex.o
 .ARM.attributes
                0x00000000000003db       0x39 build/stm32f7xx_hal_flash.o
 .ARM.attributes
                0x0000000000000414       0x39 build/stm32f7xx_hal_flash_ex.o
 .ARM.attributes
                0x000000000000044d       0x39 build/stm32f7xx_hal_gpio.o
 .ARM.attributes
                0x0000000000000486       0x39 build/stm32f7xx_hal_i2c.o
 .ARM.attributes
                0x00000000000004bf       0x39 build/stm32f7xx_hal_i2c_ex.o
 .ARM.attributes
                0x00000000000004f8       0x39 build/stm32f7xx_hal_ltdc.o
 .ARM.attributes
                0x0000000000000531       0x39 build/stm32f7xx_hal_pwr.o
 .ARM.attributes
                0x000000000000056a       0x39 build/stm32f7xx_hal_pwr_ex.o
 .ARM.attributes
                0x00000000000005a3       0x39 build/stm32f7xx_hal_rcc.o
 .ARM.attributes
                0x00000000000005dc       0x39 build/stm32f7xx_hal_rcc_ex.o
 .ARM.attributes
                0x0000000000000615       0x39 build/stm32f7xx_hal_spi.o
 .ARM.attributes
                0x000000000000064e       0x39 build/stm32f7xx_hal_sdram.o
 .ARM.attributes
                0x0000000000000687       0x39 build/stm32f7xx_hal_sram.o
 .ARM.attributes
                0x00000000000006c0       0x39 build/stm32f7xx_hal_tim.o
 .ARM.attributes
                0x00000000000006f9       0x39 build/stm32f7xx_hal_tim_ex.o
 .ARM.attributes
                0x0000000000000732       0x39 build/stm32f7xx_ll_fmc.o
 .ARM.attributes
                0x000000000000076b       0x39 build/system_stm32f7xx.o
LOAD build/memset.o
LOAD build/memcpy.o
LOAD build/variadic.o
LOAD build/startup_stm32f746xx.o
LOAD build/main.o
LOAD build/app.o
LOAD build/common.o
LOAD build/miniutils.o
LOAD build/uart_driver.o
LOAD build/stm32f7xx_hal_msp.o
LOAD build/stm32746g_discovery.o
LOAD build/stm32746g_discovery_ts.o
LOAD build/Yin.o
LOAD build/stm32f7xx_hal.o
LOAD build/stm32f7xx_hal_adc.o
LOAD build/stm32f7xx_hal_adc_ex.o
LOAD build/stm32f7xx_hal_cortex.o
LOAD build/stm32f7xx_hal_dma.o
LOAD build/stm32f7xx_hal_dma_ex.o
LOAD build/stm32f7xx_hal_flash.o
LOAD build/stm32f7xx_hal_flash_ex.o
LOAD build/stm32f7xx_hal_gpio.o
LOAD build/stm32f7xx_hal_i2c.o
LOAD build/stm32f7xx_hal_i2c_ex.o
LOAD build/stm32f7xx_hal_ltdc.o
LOAD build/stm32f7xx_hal_pwr.o
LOAD build/stm32f7xx_hal_pwr_ex.o
LOAD build/stm32f7xx_hal_rcc.o
LOAD build/stm32f7xx_hal_rcc_ex.o
LOAD build/stm32f7xx_hal_spi.o
LOAD build/stm32f7xx_hal_sdram.o
LOAD build/stm32f7xx_hal_sram.o
LOAD build/stm32f7xx_hal_tim.o
LOAD build/stm32f7xx_hal_tim_ex.o
LOAD build/stm32f7xx_ll_fmc.o
LOAD build/system_stm32f7xx.o
LOAD /home/petera/toolchain/arm-none-eabi-toolchain-gcc-5.2.0-hardfloat/lib/gcc/arm-none-eabi/5.2.0/libgcc.a
OUTPUT(build/f4audio.elf elf32-littlearm)

.debug_ranges   0x0000000000000000     0x1898
 .debug_ranges  0x0000000000000000       0x98 build/main.o
 .debug_ranges  0x0000000000000098       0x70 build/app.o
 .debug_ranges  0x0000000000000108       0x10 build/common.o
 .debug_ranges  0x0000000000000118      0x218 build/miniutils.o
 .debug_ranges  0x0000000000000330       0xc0 build/uart_driver.o
 .debug_ranges  0x00000000000003f0       0x40 build/stm32f7xx_hal_msp.o
 .debug_ranges  0x0000000000000430      0x178 build/stm32746g_discovery.o
 .debug_ranges  0x00000000000005a8       0x48 build/stm32746g_discovery_ts.o
 .debug_ranges  0x00000000000005f0       0x40 build/Yin.o
 .debug_ranges  0x0000000000000630       0xb8 build/stm32f7xx_hal.o
 .debug_ranges  0x00000000000006e8       0xa8 build/stm32f7xx_hal_adc.o
 .debug_ranges  0x0000000000000790       0x80 build/stm32f7xx_hal_adc_ex.o
 .debug_ranges  0x0000000000000810      0x140 build/stm32f7xx_hal_cortex.o
 .debug_ranges  0x0000000000000950       0x58 build/stm32f7xx_hal_dma.o
 .debug_ranges  0x00000000000009a8       0x20 build/stm32f7xx_hal_dma_ex.o
 .debug_ranges  0x00000000000009c8       0x88 build/stm32f7xx_hal_flash.o
 .debug_ranges  0x0000000000000a50       0xb0 build/stm32f7xx_hal_flash_ex.o
 .debug_ranges  0x0000000000000b00       0x68 build/stm32f7xx_hal_gpio.o
 .debug_ranges  0x0000000000000b68      0x148 build/stm32f7xx_hal_i2c.o
 .debug_ranges  0x0000000000000cb0       0x18 build/stm32f7xx_hal_i2c_ex.o
 .debug_ranges  0x0000000000000cc8       0xb8 build/stm32f7xx_hal_ltdc.o
 .debug_ranges  0x0000000000000d80       0x90 build/stm32f7xx_hal_pwr.o
 .debug_ranges  0x0000000000000e10       0xd0 build/stm32f7xx_hal_pwr_ex.o
 .debug_ranges  0x0000000000000ee0      0x158 build/stm32f7xx_hal_rcc.o
 .debug_ranges  0x0000000000001038       0xc8 build/stm32f7xx_hal_rcc_ex.o
 .debug_ranges  0x0000000000001100      0x1c0 build/stm32f7xx_hal_spi.o
 .debug_ranges  0x00000000000012c0       0xa0 build/stm32f7xx_hal_sdram.o
 .debug_ranges  0x0000000000001360       0x78 build/stm32f7xx_hal_sram.o
 .debug_ranges  0x00000000000013d8      0x2e0 build/stm32f7xx_hal_tim.o
 .debug_ranges  0x00000000000016b8      0x110 build/stm32f7xx_hal_tim_ex.o
 .debug_ranges  0x00000000000017c8       0xb8 build/stm32f7xx_ll_fmc.o
 .debug_ranges  0x0000000000001880       0x18 build/system_stm32f7xx.o

.comment        0x0000000000000000       0x11
 .comment       0x0000000000000000       0x11 build/main.o
                                         0x12 (size before relaxing)
 .comment       0x0000000000000011       0x12 build/app.o
 .comment       0x0000000000000011       0x12 build/common.o
 .comment       0x0000000000000011       0x12 build/miniutils.o
 .comment       0x0000000000000011       0x12 build/uart_driver.o
 .comment       0x0000000000000011       0x12 build/stm32f7xx_hal_msp.o
 .comment       0x0000000000000011       0x12 build/stm32746g_discovery.o
 .comment       0x0000000000000011       0x12 build/stm32746g_discovery_ts.o
 .comment       0x0000000000000011       0x12 build/Yin.o
 .comment       0x0000000000000011       0x12 build/stm32f7xx_hal.o
 .comment       0x0000000000000011       0x12 build/stm32f7xx_hal_adc.o
 .comment       0x0000000000000011       0x12 build/stm32f7xx_hal_adc_ex.o
 .comment       0x0000000000000011       0x12 build/stm32f7xx_hal_cortex.o
 .comment       0x0000000000000011       0x12 build/stm32f7xx_hal_dma.o
 .comment       0x0000000000000011       0x12 build/stm32f7xx_hal_dma_ex.o
 .comment       0x0000000000000011       0x12 build/stm32f7xx_hal_flash.o
 .comment       0x0000000000000011       0x12 build/stm32f7xx_hal_flash_ex.o
 .comment       0x0000000000000011       0x12 build/stm32f7xx_hal_gpio.o
 .comment       0x0000000000000011       0x12 build/stm32f7xx_hal_i2c.o
 .comment       0x0000000000000011       0x12 build/stm32f7xx_hal_i2c_ex.o
 .comment       0x0000000000000011       0x12 build/stm32f7xx_hal_ltdc.o
 .comment       0x0000000000000011       0x12 build/stm32f7xx_hal_pwr.o
 .comment       0x0000000000000011       0x12 build/stm32f7xx_hal_pwr_ex.o
 .comment       0x0000000000000011       0x12 build/stm32f7xx_hal_rcc.o
 .comment       0x0000000000000011       0x12 build/stm32f7xx_hal_rcc_ex.o
 .comment       0x0000000000000011       0x12 build/stm32f7xx_hal_spi.o
 .comment       0x0000000000000011       0x12 build/stm32f7xx_hal_sdram.o
 .comment       0x0000000000000011       0x12 build/stm32f7xx_hal_sram.o
 .comment       0x0000000000000011       0x12 build/stm32f7xx_hal_tim.o
 .comment       0x0000000000000011       0x12 build/stm32f7xx_hal_tim_ex.o
 .comment       0x0000000000000011       0x12 build/stm32f7xx_ll_fmc.o
 .comment       0x0000000000000011       0x12 build/system_stm32f7xx.o

Cross Reference Table

Symbol                                            File
ADC_IRQHandler                                    build/app.o
                                                  build/startup_stm32f746xx.o
AHBPrescTable                                     build/system_stm32f7xx.o
APBAHBPrescTable                                  build/stm32f7xx_hal_rcc.o
AUDIO_IO_DeInit                                   build/stm32746g_discovery.o
AUDIO_IO_Delay                                    build/stm32746g_discovery.o
AUDIO_IO_Init                                     build/stm32746g_discovery.o
AUDIO_IO_Read                                     build/stm32746g_discovery.o
AUDIO_IO_Write                                    build/stm32746g_discovery.o
BSP_GetVersion                                    build/stm32746g_discovery.o
BSP_LED_DeInit                                    build/stm32746g_discovery.o
BSP_LED_Init                                      build/stm32746g_discovery.o
BSP_LED_Off                                       build/stm32746g_discovery.o
BSP_LED_On                                        build/stm32746g_discovery.o
BSP_LED_Toggle                                    build/stm32746g_discovery.o
BSP_PB_DeInit                                     build/stm32746g_discovery.o
BSP_PB_GetState                                   build/stm32746g_discovery.o
BSP_PB_Init                                       build/stm32746g_discovery.o
BSP_TS_DeInit                                     build/stm32746g_discovery_ts.o
BSP_TS_GetState                                   build/stm32746g_discovery_ts.o
BSP_TS_Get_GestureId                              build/stm32746g_discovery_ts.o
BSP_TS_ITClear                                    build/stm32746g_discovery_ts.o
BSP_TS_ITConfig                                   build/stm32746g_discovery_ts.o
BSP_TS_ITGetStatus                                build/stm32746g_discovery_ts.o
BSP_TS_Init                                       build/stm32746g_discovery_ts.o
BSP_TS_ResetTouchData                             build/stm32746g_discovery_ts.o
BUTTON_IRQn                                       build/stm32746g_discovery.o
BUTTON_PIN                                        build/stm32746g_discovery.o
BUTTON_PORT                                       build/stm32746g_discovery.o
BusFault_Handler                                  build/startup_stm32f746xx.o
CAMERA_Delay                                      build/stm32746g_discovery.o
CAMERA_IO_Init                                    build/stm32746g_discovery.o
CAMERA_IO_Read                                    build/stm32746g_discovery.o
CAMERA_IO_Write                                   build/stm32746g_discovery.o
CAN1_RX0_IRQHandler                               build/startup_stm32f746xx.o
CAN1_RX1_IRQHandler                               build/startup_stm32f746xx.o
CAN1_SCE_IRQHandler                               build/startup_stm32f746xx.o
CAN1_TX_IRQHandler                                build/startup_stm32f746xx.o
CAN2_RX0_IRQHandler                               build/startup_stm32f746xx.o
CAN2_RX1_IRQHandler                               build/startup_stm32f746xx.o
CAN2_SCE_IRQHandler                               build/startup_stm32f746xx.o
CAN2_TX_IRQHandler                                build/startup_stm32f746xx.o
CEC_IRQHandler                                    build/startup_stm32f746xx.o
COM_RX_AF                                         build/stm32746g_discovery.o
COM_RX_PIN                                        build/stm32746g_discovery.o
COM_RX_PORT                                       build/stm32746g_discovery.o
COM_TX_AF                                         build/stm32746g_discovery.o
COM_TX_PIN                                        build/stm32746g_discovery.o
COM_TX_PORT                                       build/stm32746g_discovery.o
COM_USART                                         build/stm32746g_discovery.o
DCMI_IRQHandler                                   build/startup_stm32f746xx.o
DMA1_Stream0_IRQHandler                           build/startup_stm32f746xx.o
DMA1_Stream1_IRQHandler                           build/startup_stm32f746xx.o
DMA1_Stream2_IRQHandler                           build/startup_stm32f746xx.o
DMA1_Stream3_IRQHandler                           build/startup_stm32f746xx.o
DMA1_Stream4_IRQHandler                           build/startup_stm32f746xx.o
DMA1_Stream5_IRQHandler                           build/startup_stm32f746xx.o
DMA1_Stream6_IRQHandler                           build/startup_stm32f746xx.o
DMA1_Stream7_IRQHandler                           build/startup_stm32f746xx.o
DMA2D_IRQHandler                                  build/startup_stm32f746xx.o
DMA2_Stream0_IRQHandler                           build/startup_stm32f746xx.o
DMA2_Stream1_IRQHandler                           build/startup_stm32f746xx.o
DMA2_Stream2_IRQHandler                           build/startup_stm32f746xx.o
DMA2_Stream3_IRQHandler                           build/startup_stm32f746xx.o
DMA2_Stream4_IRQHandler                           build/startup_stm32f746xx.o
DMA2_Stream5_IRQHandler                           build/startup_stm32f746xx.o
DMA2_Stream6_IRQHandler                           build/startup_stm32f746xx.o
DMA2_Stream7_IRQHandler                           build/startup_stm32f746xx.o
DebugMon_Handler                                  build/startup_stm32f746xx.o
Default_Handler                                   build/startup_stm32f746xx.o
EEPROM_IO_Init                                    build/stm32746g_discovery.o
EEPROM_IO_IsDeviceReady                           build/stm32746g_discovery.o
EEPROM_IO_ReadData                                build/stm32746g_discovery.o
EEPROM_IO_WriteData                               build/stm32746g_discovery.o
ETH_IRQHandler                                    build/startup_stm32f746xx.o
ETH_WKUP_IRQHandler                               build/startup_stm32f746xx.o
EXTI0_IRQHandler                                  build/startup_stm32f746xx.o
EXTI15_10_IRQHandler                              build/startup_stm32f746xx.o
EXTI1_IRQHandler                                  build/startup_stm32f746xx.o
EXTI2_IRQHandler                                  build/startup_stm32f746xx.o
EXTI3_IRQHandler                                  build/startup_stm32f746xx.o
EXTI4_IRQHandler                                  build/startup_stm32f746xx.o
EXTI9_5_IRQHandler                                build/startup_stm32f746xx.o
FLASH_Erase_Sector                                build/stm32f7xx_hal_flash_ex.o
                                                  build/stm32f7xx_hal_flash.o
FLASH_IRQHandler                                  build/startup_stm32f746xx.o
FLASH_SIZE                                        build/main.o
FLASH_START                                       build/main.o
FLASH_WaitForLastOperation                        build/stm32f7xx_hal_flash.o
                                                  build/stm32f7xx_hal_flash_ex.o
FMC_IRQHandler                                    build/startup_stm32f746xx.o
FMC_NAND_AttributeSpace_Timing_Init               build/stm32f7xx_ll_fmc.o
FMC_NAND_CommonSpace_Timing_Init                  build/stm32f7xx_ll_fmc.o
FMC_NAND_DeInit                                   build/stm32f7xx_ll_fmc.o
FMC_NAND_ECC_Disable                              build/stm32f7xx_ll_fmc.o
FMC_NAND_ECC_Enable                               build/stm32f7xx_ll_fmc.o
FMC_NAND_GetECC                                   build/stm32f7xx_ll_fmc.o
FMC_NAND_Init                                     build/stm32f7xx_ll_fmc.o
FMC_NORSRAM_DeInit                                build/stm32f7xx_ll_fmc.o
                                                  build/stm32f7xx_hal_sram.o
FMC_NORSRAM_Extended_Timing_Init                  build/stm32f7xx_ll_fmc.o
                                                  build/stm32f7xx_hal_sram.o
FMC_NORSRAM_Init                                  build/stm32f7xx_ll_fmc.o
                                                  build/stm32f7xx_hal_sram.o
FMC_NORSRAM_Timing_Init                           build/stm32f7xx_ll_fmc.o
                                                  build/stm32f7xx_hal_sram.o
FMC_NORSRAM_WriteOperation_Disable                build/stm32f7xx_ll_fmc.o
                                                  build/stm32f7xx_hal_sram.o
FMC_NORSRAM_WriteOperation_Enable                 build/stm32f7xx_ll_fmc.o
                                                  build/stm32f7xx_hal_sram.o
FMC_SDRAM_DeInit                                  build/stm32f7xx_ll_fmc.o
                                                  build/stm32f7xx_hal_sdram.o
FMC_SDRAM_GetModeStatus                           build/stm32f7xx_ll_fmc.o
                                                  build/stm32f7xx_hal_sdram.o
FMC_SDRAM_Init                                    build/stm32f7xx_ll_fmc.o
                                                  build/stm32f7xx_hal_sdram.o
FMC_SDRAM_ProgramRefreshRate                      build/stm32f7xx_ll_fmc.o
                                                  build/stm32f7xx_hal_sdram.o
FMC_SDRAM_SendCommand                             build/stm32f7xx_ll_fmc.o
                                                  build/stm32f7xx_hal_sdram.o
FMC_SDRAM_SetAutoRefreshNumber                    build/stm32f7xx_ll_fmc.o
                                                  build/stm32f7xx_hal_sdram.o
FMC_SDRAM_Timing_Init                             build/stm32f7xx_ll_fmc.o
                                                  build/stm32f7xx_hal_sdram.o
FMC_SDRAM_WriteProtection_Disable                 build/stm32f7xx_ll_fmc.o
                                                  build/stm32f7xx_hal_sdram.o
FMC_SDRAM_WriteProtection_Enable                  build/stm32f7xx_ll_fmc.o
                                                  build/stm32f7xx_hal_sdram.o
FPU_IRQHandler                                    build/startup_stm32f746xx.o
GPIO_PIN                                          build/stm32746g_discovery.o
HAL_ADCEx_InjectedConfigChannel                   build/stm32f7xx_hal_adc_ex.o
HAL_ADCEx_InjectedConvCpltCallback                build/stm32f7xx_hal_adc_ex.o
                                                  build/stm32f7xx_hal_adc.o
HAL_ADCEx_InjectedGetValue                        build/stm32f7xx_hal_adc_ex.o
HAL_ADCEx_InjectedPollForConversion               build/stm32f7xx_hal_adc_ex.o
HAL_ADCEx_InjectedStart                           build/stm32f7xx_hal_adc_ex.o
HAL_ADCEx_InjectedStart_IT                        build/stm32f7xx_hal_adc_ex.o
HAL_ADCEx_InjectedStop                            build/stm32f7xx_hal_adc_ex.o
HAL_ADCEx_InjectedStop_IT                         build/stm32f7xx_hal_adc_ex.o
HAL_ADCEx_MultiModeConfigChannel                  build/stm32f7xx_hal_adc_ex.o
HAL_ADCEx_MultiModeGetValue                       build/stm32f7xx_hal_adc_ex.o
HAL_ADCEx_MultiModeStart_DMA                      build/stm32f7xx_hal_adc_ex.o
HAL_ADCEx_MultiModeStop_DMA                       build/stm32f7xx_hal_adc_ex.o
HAL_ADC_AnalogWDGConfig                           build/stm32f7xx_hal_adc.o
HAL_ADC_ConfigChannel                             build/stm32f7xx_hal_adc.o
                                                  build/app.o
HAL_ADC_ConvCpltCallback                          build/app.o
                                                  build/stm32f7xx_hal_adc_ex.o
HAL_ADC_ConvHalfCpltCallback                      build/stm32f7xx_hal_adc.o
                                                  build/stm32f7xx_hal_adc_ex.o
HAL_ADC_DeInit                                    build/stm32f7xx_hal_adc.o
HAL_ADC_ErrorCallback                             build/app.o
                                                  build/stm32f7xx_hal_adc_ex.o
HAL_ADC_GetError                                  build/stm32f7xx_hal_adc.o
HAL_ADC_GetState                                  build/stm32f7xx_hal_adc.o
HAL_ADC_GetValue                                  build/stm32f7xx_hal_adc.o
                                                  build/app.o
HAL_ADC_IRQHandler                                build/stm32f7xx_hal_adc.o
                                                  build/app.o
HAL_ADC_Init                                      build/stm32f7xx_hal_adc.o
                                                  build/app.o
HAL_ADC_LevelOutOfWindowCallback                  build/stm32f7xx_hal_adc.o
HAL_ADC_MspDeInit                                 build/stm32f7xx_hal_adc.o
HAL_ADC_MspInit                                   build/stm32f7xx_hal_adc.o
HAL_ADC_PollForConversion                         build/stm32f7xx_hal_adc.o
HAL_ADC_PollForEvent                              build/stm32f7xx_hal_adc.o
HAL_ADC_Start                                     build/stm32f7xx_hal_adc.o
HAL_ADC_Start_DMA                                 build/stm32f7xx_hal_adc.o
HAL_ADC_Start_IT                                  build/stm32f7xx_hal_adc.o
                                                  build/app.o
HAL_ADC_Stop                                      build/stm32f7xx_hal_adc.o
HAL_ADC_Stop_DMA                                  build/stm32f7xx_hal_adc.o
HAL_ADC_Stop_IT                                   build/stm32f7xx_hal_adc.o
HAL_DBGMCU_DisableDBGSleepMode                    build/stm32f7xx_hal.o
HAL_DBGMCU_DisableDBGStandbyMode                  build/stm32f7xx_hal.o
HAL_DBGMCU_DisableDBGStopMode                     build/stm32f7xx_hal.o
HAL_DBGMCU_EnableDBGSleepMode                     build/stm32f7xx_hal.o
HAL_DBGMCU_EnableDBGStandbyMode                   build/stm32f7xx_hal.o
HAL_DBGMCU_EnableDBGStopMode                      build/stm32f7xx_hal.o
HAL_DMAEx_ChangeMemory                            build/stm32f7xx_hal_dma_ex.o
HAL_DMAEx_MultiBufferStart                        build/stm32f7xx_hal_dma_ex.o
HAL_DMAEx_MultiBufferStart_IT                     build/stm32f7xx_hal_dma_ex.o
HAL_DMA_Abort                                     build/stm32f7xx_hal_dma.o
                                                  build/stm32f7xx_hal_tim.o
                                                  build/stm32f7xx_hal_spi.o
                                                  build/stm32f7xx_hal_adc_ex.o
                                                  build/stm32f7xx_hal_adc.o
HAL_DMA_DeInit                                    build/stm32f7xx_hal_dma.o
HAL_DMA_GetError                                  build/stm32f7xx_hal_dma.o
HAL_DMA_GetState                                  build/stm32f7xx_hal_dma.o
HAL_DMA_IRQHandler                                build/stm32f7xx_hal_dma.o
HAL_DMA_Init                                      build/stm32f7xx_hal_dma.o
HAL_DMA_PollForTransfer                           build/stm32f7xx_hal_dma.o
HAL_DMA_Start                                     build/stm32f7xx_hal_dma.o
HAL_DMA_Start_IT                                  build/stm32f7xx_hal_dma.o
                                                  build/stm32f7xx_hal_tim_ex.o
                                                  build/stm32f7xx_hal_tim.o
                                                  build/stm32f7xx_hal_sram.o
                                                  build/stm32f7xx_hal_sdram.o
                                                  build/stm32f7xx_hal_spi.o
                                                  build/stm32f7xx_hal_i2c.o
                                                  build/stm32f7xx_hal_adc_ex.o
                                                  build/stm32f7xx_hal_adc.o
HAL_DeInit                                        build/stm32f7xx_hal.o
HAL_Delay                                         build/stm32f7xx_hal.o
                                                  build/stm32746g_discovery.o
HAL_DisableCompensationCell                       build/stm32f7xx_hal.o
HAL_DisableFMCMemorySwapping                      build/stm32f7xx_hal.o
HAL_EnableCompensationCell                        build/stm32f7xx_hal.o
HAL_EnableFMCMemorySwapping                       build/stm32f7xx_hal.o
HAL_FLASHEx_Erase                                 build/stm32f7xx_hal_flash_ex.o
HAL_FLASHEx_Erase_IT                              build/stm32f7xx_hal_flash_ex.o
HAL_FLASHEx_OBGetConfig                           build/stm32f7xx_hal_flash_ex.o
HAL_FLASHEx_OBProgram                             build/stm32f7xx_hal_flash_ex.o
HAL_FLASH_EndOfOperationCallback                  build/stm32f7xx_hal_flash.o
HAL_FLASH_GetError                                build/stm32f7xx_hal_flash.o
HAL_FLASH_IRQHandler                              build/stm32f7xx_hal_flash.o
HAL_FLASH_Lock                                    build/stm32f7xx_hal_flash.o
HAL_FLASH_OB_Launch                               build/stm32f7xx_hal_flash.o
HAL_FLASH_OB_Lock                                 build/stm32f7xx_hal_flash.o
HAL_FLASH_OB_Unlock                               build/stm32f7xx_hal_flash.o
HAL_FLASH_OperationErrorCallback                  build/stm32f7xx_hal_flash.o
HAL_FLASH_Program                                 build/stm32f7xx_hal_flash.o
HAL_FLASH_Program_IT                              build/stm32f7xx_hal_flash.o
HAL_FLASH_Unlock                                  build/stm32f7xx_hal_flash.o
HAL_GPIO_DeInit                                   build/stm32f7xx_hal_gpio.o
                                                  build/stm32746g_discovery.o
HAL_GPIO_EXTI_Callback                            build/stm32f7xx_hal_gpio.o
HAL_GPIO_EXTI_IRQHandler                          build/stm32f7xx_hal_gpio.o
HAL_GPIO_Init                                     build/stm32f7xx_hal_gpio.o
                                                  build/stm32f7xx_hal_rcc.o
                                                  build/stm32746g_discovery_ts.o
                                                  build/stm32746g_discovery.o
                                                  build/stm32f7xx_hal_msp.o
                                                  build/app.o
                                                  build/main.o
HAL_GPIO_LockPin                                  build/stm32f7xx_hal_gpio.o
HAL_GPIO_ReadPin                                  build/stm32f7xx_hal_gpio.o
                                                  build/stm32746g_discovery.o
HAL_GPIO_TogglePin                                build/stm32f7xx_hal_gpio.o
                                                  build/stm32746g_discovery.o
HAL_GPIO_WritePin                                 build/stm32f7xx_hal_gpio.o
                                                  build/stm32746g_discovery.o
                                                  build/stm32f7xx_hal_msp.o
HAL_GetDEVID                                      build/stm32f7xx_hal.o
HAL_GetHalVersion                                 build/stm32f7xx_hal.o
HAL_GetREVID                                      build/stm32f7xx_hal.o
HAL_GetTick                                       build/stm32f7xx_hal.o
                                                  build/stm32f7xx_ll_fmc.o
                                                  build/stm32f7xx_hal_spi.o
                                                  build/stm32f7xx_hal_rcc_ex.o
                                                  build/stm32f7xx_hal_rcc.o
                                                  build/stm32f7xx_hal_pwr_ex.o
                                                  build/stm32f7xx_hal_i2c.o
                                                  build/stm32f7xx_hal_flash.o
                                                  build/stm32f7xx_hal_dma.o
                                                  build/stm32f7xx_hal_adc_ex.o
                                                  build/stm32f7xx_hal_adc.o
HAL_I2CEx_ConfigAnalogFilter                      build/stm32f7xx_hal_i2c_ex.o
HAL_I2CEx_ConfigDigitalFilter                     build/stm32f7xx_hal_i2c_ex.o
HAL_I2C_DeInit                                    build/stm32f7xx_hal_i2c.o
                                                  build/stm32746g_discovery.o
HAL_I2C_ER_IRQHandler                             build/stm32f7xx_hal_i2c.o
HAL_I2C_EV_IRQHandler                             build/stm32f7xx_hal_i2c.o
HAL_I2C_ErrorCallback                             build/stm32f7xx_hal_i2c.o
HAL_I2C_GetError                                  build/stm32f7xx_hal_i2c.o
HAL_I2C_GetState                                  build/stm32f7xx_hal_i2c.o
                                                  build/stm32746g_discovery.o
HAL_I2C_Init                                      build/stm32f7xx_hal_i2c.o
                                                  build/stm32746g_discovery.o
HAL_I2C_IsDeviceReady                             build/stm32f7xx_hal_i2c.o
                                                  build/stm32746g_discovery.o
HAL_I2C_MasterRxCpltCallback                      build/stm32f7xx_hal_i2c.o
HAL_I2C_MasterTxCpltCallback                      build/stm32f7xx_hal_i2c.o
HAL_I2C_Master_Receive                            build/stm32f7xx_hal_i2c.o
HAL_I2C_Master_Receive_DMA                        build/stm32f7xx_hal_i2c.o
HAL_I2C_Master_Receive_IT                         build/stm32f7xx_hal_i2c.o
HAL_I2C_Master_Transmit                           build/stm32f7xx_hal_i2c.o
HAL_I2C_Master_Transmit_DMA                       build/stm32f7xx_hal_i2c.o
HAL_I2C_Master_Transmit_IT                        build/stm32f7xx_hal_i2c.o
HAL_I2C_MemRxCpltCallback                         build/stm32f7xx_hal_i2c.o
HAL_I2C_MemTxCpltCallback                         build/stm32f7xx_hal_i2c.o
HAL_I2C_Mem_Read                                  build/stm32f7xx_hal_i2c.o
                                                  build/stm32746g_discovery.o
HAL_I2C_Mem_Read_DMA                              build/stm32f7xx_hal_i2c.o
HAL_I2C_Mem_Read_IT                               build/stm32f7xx_hal_i2c.o
HAL_I2C_Mem_Write                                 build/stm32f7xx_hal_i2c.o
                                                  build/stm32746g_discovery.o
HAL_I2C_Mem_Write_DMA                             build/stm32f7xx_hal_i2c.o
HAL_I2C_Mem_Write_IT                              build/stm32f7xx_hal_i2c.o
HAL_I2C_MspDeInit                                 build/stm32f7xx_hal_i2c.o
HAL_I2C_MspInit                                   build/stm32f7xx_hal_i2c.o
HAL_I2C_SlaveRxCpltCallback                       build/stm32f7xx_hal_i2c.o
HAL_I2C_SlaveTxCpltCallback                       build/stm32f7xx_hal_i2c.o
HAL_I2C_Slave_Receive                             build/stm32f7xx_hal_i2c.o
HAL_I2C_Slave_Receive_DMA                         build/stm32f7xx_hal_i2c.o
HAL_I2C_Slave_Receive_IT                          build/stm32f7xx_hal_i2c.o
HAL_I2C_Slave_Transmit                            build/stm32f7xx_hal_i2c.o
HAL_I2C_Slave_Transmit_DMA                        build/stm32f7xx_hal_i2c.o
HAL_I2C_Slave_Transmit_IT                         build/stm32f7xx_hal_i2c.o
HAL_IncTick                                       build/stm32f7xx_hal.o
                                                  build/main.o
HAL_Init                                          build/stm32f7xx_hal.o
                                                  build/main.o
HAL_InitTick                                      build/stm32f7xx_hal.o
                                                  build/stm32f7xx_hal_rcc.o
HAL_LTDC_ConfigCLUT                               build/stm32f7xx_hal_ltdc.o
HAL_LTDC_ConfigColorKeying                        build/stm32f7xx_hal_ltdc.o
HAL_LTDC_ConfigLayer                              build/stm32f7xx_hal_ltdc.o
HAL_LTDC_DeInit                                   build/stm32f7xx_hal_ltdc.o
HAL_LTDC_DisableCLUT                              build/stm32f7xx_hal_ltdc.o
HAL_LTDC_DisableColorKeying                       build/stm32f7xx_hal_ltdc.o
HAL_LTDC_DisableDither                            build/stm32f7xx_hal_ltdc.o
HAL_LTDC_EnableCLUT                               build/stm32f7xx_hal_ltdc.o
HAL_LTDC_EnableColorKeying                        build/stm32f7xx_hal_ltdc.o
HAL_LTDC_EnableDither                             build/stm32f7xx_hal_ltdc.o
HAL_LTDC_ErrorCallback                            build/stm32f7xx_hal_ltdc.o
HAL_LTDC_GetError                                 build/stm32f7xx_hal_ltdc.o
HAL_LTDC_GetState                                 build/stm32f7xx_hal_ltdc.o
HAL_LTDC_IRQHandler                               build/stm32f7xx_hal_ltdc.o
HAL_LTDC_Init                                     build/stm32f7xx_hal_ltdc.o
HAL_LTDC_LineEventCallback                        build/stm32f7xx_hal_ltdc.o
HAL_LTDC_MspDeInit                                build/stm32f7xx_hal_msp.o
HAL_LTDC_MspInit                                  build/stm32f7xx_hal_msp.o
HAL_LTDC_ProgramLineEvent                         build/stm32f7xx_hal_ltdc.o
HAL_LTDC_SetAddress                               build/stm32f7xx_hal_ltdc.o
HAL_LTDC_SetAlpha                                 build/stm32f7xx_hal_ltdc.o
HAL_LTDC_SetPixelFormat                           build/stm32f7xx_hal_ltdc.o
HAL_LTDC_SetWindowPosition                        build/stm32f7xx_hal_ltdc.o
HAL_LTDC_SetWindowSize                            build/stm32f7xx_hal_ltdc.o
HAL_MPU_ConfigRegion                              build/stm32f7xx_hal_cortex.o
                                                  build/main.o
HAL_MspDeInit                                     build/stm32f7xx_hal.o
HAL_MspInit                                       build/stm32f7xx_hal.o
HAL_NVIC_ClearPendingIRQ                          build/stm32f7xx_hal_cortex.o
HAL_NVIC_DisableIRQ                               build/stm32f7xx_hal_cortex.o
                                                  build/stm32746g_discovery.o
HAL_NVIC_EnableIRQ                                build/stm32f7xx_hal_cortex.o
                                                  build/stm32746g_discovery_ts.o
                                                  build/stm32746g_discovery.o
                                                  build/app.o
HAL_NVIC_GetActive                                build/stm32f7xx_hal_cortex.o
HAL_NVIC_GetPendingIRQ                            build/stm32f7xx_hal_cortex.o
HAL_NVIC_GetPriority                              build/stm32f7xx_hal_cortex.o
HAL_NVIC_GetPriorityGrouping                      build/stm32f7xx_hal_cortex.o
HAL_NVIC_SetPendingIRQ                            build/stm32f7xx_hal_cortex.o
HAL_NVIC_SetPriority                              build/stm32f7xx_hal_cortex.o
                                                  build/stm32f7xx_hal.o
                                                  build/stm32746g_discovery_ts.o
                                                  build/stm32746g_discovery.o
                                                  build/app.o
HAL_NVIC_SetPriorityGrouping                      build/stm32f7xx_hal_cortex.o
                                                  build/stm32f7xx_hal.o
HAL_NVIC_SystemReset                              build/stm32f7xx_hal_cortex.o
HAL_PWREx_ControlVoltageScaling                   build/stm32f7xx_hal_pwr_ex.o
HAL_PWREx_DisableBkUpReg                          build/stm32f7xx_hal_pwr_ex.o
HAL_PWREx_DisableFlashPowerDown                   build/stm32f7xx_hal_pwr_ex.o
HAL_PWREx_DisableLowRegulatorLowVoltage           build/stm32f7xx_hal_pwr_ex.o
HAL_PWREx_DisableMainRegulatorLowVoltage          build/stm32f7xx_hal_pwr_ex.o
HAL_PWREx_DisableOverDrive                        build/stm32f7xx_hal_pwr_ex.o
HAL_PWREx_EnableBkUpReg                           build/stm32f7xx_hal_pwr_ex.o
HAL_PWREx_EnableFlashPowerDown                    build/stm32f7xx_hal_pwr_ex.o
HAL_PWREx_EnableLowRegulatorLowVoltage            build/stm32f7xx_hal_pwr_ex.o
HAL_PWREx_EnableMainRegulatorLowVoltage           build/stm32f7xx_hal_pwr_ex.o
HAL_PWREx_EnableOverDrive                         build/stm32f7xx_hal_pwr_ex.o
                                                  build/main.o
HAL_PWREx_EnterUnderDriveSTOPMode                 build/stm32f7xx_hal_pwr_ex.o
HAL_PWREx_GetVoltageRange                         build/stm32f7xx_hal_pwr_ex.o
HAL_PWR_ConfigPVD                                 build/stm32f7xx_hal_pwr.o
HAL_PWR_DeInit                                    build/stm32f7xx_hal_pwr.o
HAL_PWR_DisableBkUpAccess                         build/stm32f7xx_hal_pwr.o
HAL_PWR_DisablePVD                                build/stm32f7xx_hal_pwr.o
HAL_PWR_DisableSEVOnPend                          build/stm32f7xx_hal_pwr.o
HAL_PWR_DisableSleepOnExit                        build/stm32f7xx_hal_pwr.o
HAL_PWR_DisableWakeUpPin                          build/stm32f7xx_hal_pwr.o
HAL_PWR_EnableBkUpAccess                          build/stm32f7xx_hal_pwr.o
HAL_PWR_EnablePVD                                 build/stm32f7xx_hal_pwr.o
HAL_PWR_EnableSEVOnPend                           build/stm32f7xx_hal_pwr.o
HAL_PWR_EnableSleepOnExit                         build/stm32f7xx_hal_pwr.o
HAL_PWR_EnableWakeUpPin                           build/stm32f7xx_hal_pwr.o
HAL_PWR_EnterSLEEPMode                            build/stm32f7xx_hal_pwr.o
HAL_PWR_EnterSTANDBYMode                          build/stm32f7xx_hal_pwr.o
HAL_PWR_EnterSTOPMode                             build/stm32f7xx_hal_pwr.o
HAL_PWR_PVDCallback                               build/stm32f7xx_hal_pwr.o
HAL_PWR_PVD_IRQHandler                            build/stm32f7xx_hal_pwr.o
HAL_RCCEx_GetPeriphCLKConfig                      build/stm32f7xx_hal_rcc_ex.o
HAL_RCCEx_GetPeriphCLKFreq                        build/stm32f7xx_hal_rcc_ex.o
HAL_RCCEx_PeriphCLKConfig                         build/stm32f7xx_hal_rcc_ex.o
HAL_RCC_CSSCallback                               build/stm32f7xx_hal_rcc.o
HAL_RCC_ClockConfig                               build/stm32f7xx_hal_rcc.o
                                                  build/main.o
HAL_RCC_DeInit                                    build/stm32f7xx_hal_rcc.o
HAL_RCC_DisableCSS                                build/stm32f7xx_hal_rcc.o
HAL_RCC_EnableCSS                                 build/stm32f7xx_hal_rcc.o
HAL_RCC_GetClockConfig                            build/stm32f7xx_hal_rcc.o
HAL_RCC_GetHCLKFreq                               build/stm32f7xx_hal_rcc.o
                                                  build/stm32f7xx_hal.o
                                                  build/main.o
HAL_RCC_GetOscConfig                              build/stm32f7xx_hal_rcc.o
HAL_RCC_GetPCLK1Freq                              build/stm32f7xx_hal_rcc.o
                                                  build/uart_driver.o
                                                  build/main.o
HAL_RCC_GetPCLK2Freq                              build/stm32f7xx_hal_rcc.o
                                                  build/uart_driver.o
                                                  build/main.o
HAL_RCC_GetSysClockFreq                           build/stm32f7xx_hal_rcc.o
                                                  build/uart_driver.o
                                                  build/main.o
HAL_RCC_MCOConfig                                 build/stm32f7xx_hal_rcc.o
HAL_RCC_NMI_IRQHandler                            build/stm32f7xx_hal_rcc.o
HAL_RCC_OscConfig                                 build/stm32f7xx_hal_rcc.o
                                                  build/main.o
HAL_ResumeTick                                    build/stm32f7xx_hal.o
HAL_SDRAM_DMA_XferCpltCallback                    build/stm32f7xx_hal_sdram.o
HAL_SDRAM_DMA_XferErrorCallback                   build/stm32f7xx_hal_sdram.o
HAL_SDRAM_DeInit                                  build/stm32f7xx_hal_sdram.o
HAL_SDRAM_GetModeStatus                           build/stm32f7xx_hal_sdram.o
HAL_SDRAM_GetState                                build/stm32f7xx_hal_sdram.o
HAL_SDRAM_IRQHandler                              build/stm32f7xx_hal_sdram.o
HAL_SDRAM_Init                                    build/stm32f7xx_hal_sdram.o
HAL_SDRAM_MspDeInit                               build/stm32f7xx_hal_sdram.o
HAL_SDRAM_MspInit                                 build/stm32f7xx_hal_sdram.o
HAL_SDRAM_ProgramRefreshRate                      build/stm32f7xx_hal_sdram.o
HAL_SDRAM_Read_16b                                build/stm32f7xx_hal_sdram.o
HAL_SDRAM_Read_32b                                build/stm32f7xx_hal_sdram.o
HAL_SDRAM_Read_8b                                 build/stm32f7xx_hal_sdram.o
HAL_SDRAM_Read_DMA                                build/stm32f7xx_hal_sdram.o
HAL_SDRAM_RefreshErrorCallback                    build/stm32f7xx_hal_sdram.o
HAL_SDRAM_SendCommand                             build/stm32f7xx_hal_sdram.o
HAL_SDRAM_SetAutoRefreshNumber                    build/stm32f7xx_hal_sdram.o
HAL_SDRAM_WriteProtection_Disable                 build/stm32f7xx_hal_sdram.o
HAL_SDRAM_WriteProtection_Enable                  build/stm32f7xx_hal_sdram.o
HAL_SDRAM_Write_16b                               build/stm32f7xx_hal_sdram.o
HAL_SDRAM_Write_32b                               build/stm32f7xx_hal_sdram.o
HAL_SDRAM_Write_8b                                build/stm32f7xx_hal_sdram.o
HAL_SDRAM_Write_DMA                               build/stm32f7xx_hal_sdram.o
HAL_SPI_DMAPause                                  build/stm32f7xx_hal_spi.o
HAL_SPI_DMAResume                                 build/stm32f7xx_hal_spi.o
HAL_SPI_DMAStop                                   build/stm32f7xx_hal_spi.o
HAL_SPI_DeInit                                    build/stm32f7xx_hal_spi.o
HAL_SPI_ErrorCallback                             build/stm32f7xx_hal_spi.o
HAL_SPI_GetError                                  build/stm32f7xx_hal_spi.o
HAL_SPI_GetState                                  build/stm32f7xx_hal_spi.o
HAL_SPI_IRQHandler                                build/stm32f7xx_hal_spi.o
HAL_SPI_Init                                      build/stm32f7xx_hal_spi.o
HAL_SPI_MspDeInit                                 build/stm32f7xx_hal_spi.o
HAL_SPI_MspInit                                   build/stm32f7xx_hal_spi.o
HAL_SPI_Receive                                   build/stm32f7xx_hal_spi.o
HAL_SPI_Receive_DMA                               build/stm32f7xx_hal_spi.o
HAL_SPI_Receive_IT                                build/stm32f7xx_hal_spi.o
HAL_SPI_RxCpltCallback                            build/stm32f7xx_hal_spi.o
HAL_SPI_RxHalfCpltCallback                        build/stm32f7xx_hal_spi.o
HAL_SPI_Transmit                                  build/stm32f7xx_hal_spi.o
HAL_SPI_TransmitReceive                           build/stm32f7xx_hal_spi.o
HAL_SPI_TransmitReceive_DMA                       build/stm32f7xx_hal_spi.o
HAL_SPI_TransmitReceive_IT                        build/stm32f7xx_hal_spi.o
HAL_SPI_Transmit_DMA                              build/stm32f7xx_hal_spi.o
HAL_SPI_Transmit_IT                               build/stm32f7xx_hal_spi.o
HAL_SPI_TxCpltCallback                            build/stm32f7xx_hal_spi.o
HAL_SPI_TxHalfCpltCallback                        build/stm32f7xx_hal_spi.o
HAL_SPI_TxRxCpltCallback                          build/stm32f7xx_hal_spi.o
HAL_SPI_TxRxHalfCpltCallback                      build/stm32f7xx_hal_spi.o
HAL_SRAM_DMA_XferCpltCallback                     build/stm32f7xx_hal_sram.o
HAL_SRAM_DMA_XferErrorCallback                    build/stm32f7xx_hal_sram.o
HAL_SRAM_DeInit                                   build/stm32f7xx_hal_sram.o
HAL_SRAM_GetState                                 build/stm32f7xx_hal_sram.o
HAL_SRAM_Init                                     build/stm32f7xx_hal_sram.o
HAL_SRAM_MspDeInit                                build/stm32f7xx_hal_sram.o
HAL_SRAM_MspInit                                  build/stm32f7xx_hal_sram.o
HAL_SRAM_Read_16b                                 build/stm32f7xx_hal_sram.o
HAL_SRAM_Read_32b                                 build/stm32f7xx_hal_sram.o
HAL_SRAM_Read_8b                                  build/stm32f7xx_hal_sram.o
HAL_SRAM_Read_DMA                                 build/stm32f7xx_hal_sram.o
HAL_SRAM_WriteOperation_Disable                   build/stm32f7xx_hal_sram.o
HAL_SRAM_WriteOperation_Enable                    build/stm32f7xx_hal_sram.o
HAL_SRAM_Write_16b                                build/stm32f7xx_hal_sram.o
HAL_SRAM_Write_32b                                build/stm32f7xx_hal_sram.o
HAL_SRAM_Write_8b                                 build/stm32f7xx_hal_sram.o
HAL_SRAM_Write_DMA                                build/stm32f7xx_hal_sram.o
HAL_SYSTICK_CLKSourceConfig                       build/stm32f7xx_hal_cortex.o
HAL_SYSTICK_Callback                              build/stm32f7xx_hal_cortex.o
HAL_SYSTICK_Config                                build/stm32f7xx_hal_cortex.o
                                                  build/stm32f7xx_hal.o
HAL_SYSTICK_IRQHandler                            build/stm32f7xx_hal_cortex.o
HAL_SuspendTick                                   build/stm32f7xx_hal.o
HAL_TIMEx_BreakCallback                           build/stm32f7xx_hal_tim_ex.o
                                                  build/stm32f7xx_hal_tim.o
HAL_TIMEx_CommutationCallback                     build/stm32f7xx_hal_tim_ex.o
                                                  build/stm32f7xx_hal_tim.o
HAL_TIMEx_ConfigBreakDeadTime                     build/stm32f7xx_hal_tim_ex.o
HAL_TIMEx_ConfigCommutationEvent                  build/stm32f7xx_hal_tim_ex.o
HAL_TIMEx_ConfigCommutationEvent_DMA              build/stm32f7xx_hal_tim_ex.o
HAL_TIMEx_ConfigCommutationEvent_IT               build/stm32f7xx_hal_tim_ex.o
HAL_TIMEx_GroupChannel5                           build/stm32f7xx_hal_tim_ex.o
HAL_TIMEx_HallSensor_DeInit                       build/stm32f7xx_hal_tim_ex.o
HAL_TIMEx_HallSensor_GetState                     build/stm32f7xx_hal_tim_ex.o
HAL_TIMEx_HallSensor_Init                         build/stm32f7xx_hal_tim_ex.o
HAL_TIMEx_HallSensor_MspDeInit                    build/stm32f7xx_hal_tim_ex.o
HAL_TIMEx_HallSensor_MspInit                      build/stm32f7xx_hal_tim_ex.o
HAL_TIMEx_HallSensor_Start                        build/stm32f7xx_hal_tim_ex.o
HAL_TIMEx_HallSensor_Start_DMA                    build/stm32f7xx_hal_tim_ex.o
HAL_TIMEx_HallSensor_Start_IT                     build/stm32f7xx_hal_tim_ex.o
HAL_TIMEx_HallSensor_Stop                         build/stm32f7xx_hal_tim_ex.o
HAL_TIMEx_HallSensor_Stop_DMA                     build/stm32f7xx_hal_tim_ex.o
HAL_TIMEx_HallSensor_Stop_IT                      build/stm32f7xx_hal_tim_ex.o
HAL_TIMEx_MasterConfigSynchronization             build/stm32f7xx_hal_tim_ex.o
HAL_TIMEx_OCN_Start                               build/stm32f7xx_hal_tim_ex.o
HAL_TIMEx_OCN_Start_DMA                           build/stm32f7xx_hal_tim_ex.o
HAL_TIMEx_OCN_Start_IT                            build/stm32f7xx_hal_tim_ex.o
HAL_TIMEx_OCN_Stop                                build/stm32f7xx_hal_tim_ex.o
HAL_TIMEx_OCN_Stop_DMA                            build/stm32f7xx_hal_tim_ex.o
HAL_TIMEx_OCN_Stop_IT                             build/stm32f7xx_hal_tim_ex.o
HAL_TIMEx_OnePulseN_Start                         build/stm32f7xx_hal_tim_ex.o
HAL_TIMEx_OnePulseN_Start_IT                      build/stm32f7xx_hal_tim_ex.o
HAL_TIMEx_OnePulseN_Stop                          build/stm32f7xx_hal_tim_ex.o
HAL_TIMEx_OnePulseN_Stop_IT                       build/stm32f7xx_hal_tim_ex.o
HAL_TIMEx_PWMN_Start                              build/stm32f7xx_hal_tim_ex.o
HAL_TIMEx_PWMN_Start_DMA                          build/stm32f7xx_hal_tim_ex.o
HAL_TIMEx_PWMN_Start_IT                           build/stm32f7xx_hal_tim_ex.o
HAL_TIMEx_PWMN_Stop                               build/stm32f7xx_hal_tim_ex.o
HAL_TIMEx_PWMN_Stop_DMA                           build/stm32f7xx_hal_tim_ex.o
HAL_TIMEx_PWMN_Stop_IT                            build/stm32f7xx_hal_tim_ex.o
HAL_TIMEx_RemapConfig                             build/stm32f7xx_hal_tim_ex.o
HAL_TIM_Base_DeInit                               build/stm32f7xx_hal_tim.o
HAL_TIM_Base_GetState                             build/stm32f7xx_hal_tim.o
HAL_TIM_Base_Init                                 build/stm32f7xx_hal_tim.o
HAL_TIM_Base_MspDeInit                            build/stm32f7xx_hal_tim.o
HAL_TIM_Base_MspInit                              build/stm32f7xx_hal_tim.o
HAL_TIM_Base_Start                                build/stm32f7xx_hal_tim.o
HAL_TIM_Base_Start_DMA                            build/stm32f7xx_hal_tim.o
HAL_TIM_Base_Start_IT                             build/stm32f7xx_hal_tim.o
HAL_TIM_Base_Stop                                 build/stm32f7xx_hal_tim.o
HAL_TIM_Base_Stop_DMA                             build/stm32f7xx_hal_tim.o
HAL_TIM_Base_Stop_IT                              build/stm32f7xx_hal_tim.o
HAL_TIM_ConfigClockSource                         build/stm32f7xx_hal_tim.o
HAL_TIM_ConfigOCrefClear                          build/stm32f7xx_hal_tim_ex.o
                                                  build/stm32f7xx_hal_tim.o
HAL_TIM_ConfigTI1Input                            build/stm32f7xx_hal_tim.o
HAL_TIM_DMABurst_ReadStart                        build/stm32f7xx_hal_tim.o
HAL_TIM_DMABurst_ReadStop                         build/stm32f7xx_hal_tim.o
HAL_TIM_DMABurst_WriteStart                       build/stm32f7xx_hal_tim.o
HAL_TIM_DMABurst_WriteStop                        build/stm32f7xx_hal_tim.o
HAL_TIM_Encoder_DeInit                            build/stm32f7xx_hal_tim.o
HAL_TIM_Encoder_GetState                          build/stm32f7xx_hal_tim.o
HAL_TIM_Encoder_Init                              build/stm32f7xx_hal_tim.o
HAL_TIM_Encoder_MspDeInit                         build/stm32f7xx_hal_tim.o
HAL_TIM_Encoder_MspInit                           build/stm32f7xx_hal_tim.o
HAL_TIM_Encoder_Start                             build/stm32f7xx_hal_tim.o